Archive member included to satisfy reference by file (symbol)

/home/wangguan/Software/arm-none-eabi-gcc/bin/../lib/gcc/arm-none-eabi/12.3.1/../../../../arm-none-eabi/lib/thumb/v7-m/nofp/libg.a(libc_a-exit.o)
                              /home/wangguan/Software/arm-none-eabi-gcc/bin/../lib/gcc/arm-none-eabi/12.3.1/../../../../arm-none-eabi/lib/thumb/v7-m/nofp/crt0.o (exit)
/home/wangguan/Software/arm-none-eabi-gcc/bin/../lib/gcc/arm-none-eabi/12.3.1/../../../../arm-none-eabi/lib/thumb/v7-m/nofp/libg.a(libc_a-errno.o)
                              CMakeFiles/Lighting_effect_control.elf.dir/Core/Src/syscalls.c.obj (__errno)
/home/wangguan/Software/arm-none-eabi-gcc/bin/../lib/gcc/arm-none-eabi/12.3.1/../../../../arm-none-eabi/lib/thumb/v7-m/nofp/libg.a(libc_a-__call_atexit.o)
                              /home/wangguan/Software/arm-none-eabi-gcc/bin/../lib/gcc/arm-none-eabi/12.3.1/../../../../arm-none-eabi/lib/thumb/v7-m/nofp/libg.a(libc_a-exit.o) (__call_exitprocs)
/home/wangguan/Software/arm-none-eabi-gcc/bin/../lib/gcc/arm-none-eabi/12.3.1/../../../../arm-none-eabi/lib/thumb/v7-m/nofp/libg.a(libc_a-memset.o)
                              /home/wangguan/Software/arm-none-eabi-gcc/bin/../lib/gcc/arm-none-eabi/12.3.1/../../../../arm-none-eabi/lib/thumb/v7-m/nofp/crt0.o (memset)
/home/wangguan/Software/arm-none-eabi-gcc/bin/../lib/gcc/arm-none-eabi/12.3.1/../../../../arm-none-eabi/lib/thumb/v7-m/nofp/libg.a(libc_a-init.o)
                              /home/wangguan/Software/arm-none-eabi-gcc/bin/../lib/gcc/arm-none-eabi/12.3.1/../../../../arm-none-eabi/lib/thumb/v7-m/nofp/crt0.o (__libc_init_array)
/home/wangguan/Software/arm-none-eabi-gcc/bin/../lib/gcc/arm-none-eabi/12.3.1/../../../../arm-none-eabi/lib/thumb/v7-m/nofp/libg.a(libc_a-fini.o)
                              /home/wangguan/Software/arm-none-eabi-gcc/bin/../lib/gcc/arm-none-eabi/12.3.1/../../../../arm-none-eabi/lib/thumb/v7-m/nofp/libg.a(libc_a-__call_atexit.o) (__libc_fini_array)
/home/wangguan/Software/arm-none-eabi-gcc/bin/../lib/gcc/arm-none-eabi/12.3.1/../../../../arm-none-eabi/lib/thumb/v7-m/nofp/libg.a(libc_a-lock.o)
                              /home/wangguan/Software/arm-none-eabi-gcc/bin/../lib/gcc/arm-none-eabi/12.3.1/../../../../arm-none-eabi/lib/thumb/v7-m/nofp/libg.a(libc_a-__call_atexit.o) (__retarget_lock_acquire_recursive)
/home/wangguan/Software/arm-none-eabi-gcc/bin/../lib/gcc/arm-none-eabi/12.3.1/../../../../arm-none-eabi/lib/thumb/v7-m/nofp/libg.a(libc_a-atexit.o)
                              /home/wangguan/Software/arm-none-eabi-gcc/bin/../lib/gcc/arm-none-eabi/12.3.1/../../../../arm-none-eabi/lib/thumb/v7-m/nofp/libg.a(libc_a-__call_atexit.o) (atexit)
/home/wangguan/Software/arm-none-eabi-gcc/bin/../lib/gcc/arm-none-eabi/12.3.1/../../../../arm-none-eabi/lib/thumb/v7-m/nofp/libg.a(libc_a-impure.o)
                              /home/wangguan/Software/arm-none-eabi-gcc/bin/../lib/gcc/arm-none-eabi/12.3.1/../../../../arm-none-eabi/lib/thumb/v7-m/nofp/libg.a(libc_a-errno.o) (_impure_ptr)
/home/wangguan/Software/arm-none-eabi-gcc/bin/../lib/gcc/arm-none-eabi/12.3.1/../../../../arm-none-eabi/lib/thumb/v7-m/nofp/libg.a(libc_a-findfp.o)
                              /home/wangguan/Software/arm-none-eabi-gcc/bin/../lib/gcc/arm-none-eabi/12.3.1/../../../../arm-none-eabi/lib/thumb/v7-m/nofp/libg.a(libc_a-impure.o) (__sf)
/home/wangguan/Software/arm-none-eabi-gcc/bin/../lib/gcc/arm-none-eabi/12.3.1/../../../../arm-none-eabi/lib/thumb/v7-m/nofp/libg.a(libc_a-stdio.o)
                              /home/wangguan/Software/arm-none-eabi-gcc/bin/../lib/gcc/arm-none-eabi/12.3.1/../../../../arm-none-eabi/lib/thumb/v7-m/nofp/libg.a(libc_a-findfp.o) (__sread)
/home/wangguan/Software/arm-none-eabi-gcc/bin/../lib/gcc/arm-none-eabi/12.3.1/../../../../arm-none-eabi/lib/thumb/v7-m/nofp/libg.a(libc_a-writer.o)
                              /home/wangguan/Software/arm-none-eabi-gcc/bin/../lib/gcc/arm-none-eabi/12.3.1/../../../../arm-none-eabi/lib/thumb/v7-m/nofp/libg.a(libc_a-stdio.o) (_write_r)
/home/wangguan/Software/arm-none-eabi-gcc/bin/../lib/gcc/arm-none-eabi/12.3.1/../../../../arm-none-eabi/lib/thumb/v7-m/nofp/libg.a(libc_a-fwalk.o)
                              /home/wangguan/Software/arm-none-eabi-gcc/bin/../lib/gcc/arm-none-eabi/12.3.1/../../../../arm-none-eabi/lib/thumb/v7-m/nofp/libg.a(libc_a-findfp.o) (_fwalk_sglue)
/home/wangguan/Software/arm-none-eabi-gcc/bin/../lib/gcc/arm-none-eabi/12.3.1/../../../../arm-none-eabi/lib/thumb/v7-m/nofp/libg.a(libc_a-__atexit.o)
                              /home/wangguan/Software/arm-none-eabi-gcc/bin/../lib/gcc/arm-none-eabi/12.3.1/../../../../arm-none-eabi/lib/thumb/v7-m/nofp/libg.a(libc_a-atexit.o) (__register_exitproc)
/home/wangguan/Software/arm-none-eabi-gcc/bin/../lib/gcc/arm-none-eabi/12.3.1/../../../../arm-none-eabi/lib/thumb/v7-m/nofp/libg.a(libc_a-mallocr.o)
[...]
Memory Configuration

Name             Origin             Length             Attributes
RAM              0x20000000         0x0000c000         xrw
FLASH            0x08000000         0x00040000         xr
*default*        0x00000000         0xffffffff

Linker script and memory map

LOAD /home/wangguan/Software/arm-none-eabi-gcc/bin/../lib/gcc/arm-none-eabi/12.3.1/thumb/v7-m/nofp/crti.o
LOAD /home/wangguan/Software/arm-none-eabi-gcc/bin/../lib/gcc/arm-none-eabi/12.3.1/thumb/v7-m/nofp/crtbegin.o
LOAD /home/wangguan/Software/arm-none-eabi-gcc/bin/../lib/gcc/arm-none-eabi/12.3.1/../../../../arm-none-eabi/lib/thumb/v7-m/nofp/crt0.o
LOAD CMakeFiles/Lighting_effect_control.elf.dir/Core/Src/adc.c.obj
LOAD CMakeFiles/Lighting_effect_control.elf.dir/Core/Src/can.c.obj
LOAD CMakeFiles/Lighting_effect_control.elf.dir/Core/Src/dma.c.obj
LOAD CMakeFiles/Lighting_effect_control.elf.dir/Core/Src/gpio.c.obj
LOAD CMakeFiles/Lighting_effect_control.elf.dir/Core/Src/main.c.obj
LOAD CMakeFiles/Lighting_effect_control.elf.dir/Core/Src/stm32f1xx_hal_msp.c.obj
LOAD CMakeFiles/Lighting_effect_control.elf.dir/Core/Src/stm32f1xx_it.c.obj
LOAD CMakeFiles/Lighting_effect_control.elf.dir/Core/Src/syscalls.c.obj
LOAD CMakeFiles/Lighting_effect_control.elf.dir/Core/Src/sysmem.c.obj
LOAD CMakeFiles/Lighting_effect_control.elf.dir/Core/Src/system_stm32f1xx.c.obj
LOAD CMakeFiles/Lighting_effect_control.elf.dir/Core/Src/tim.c.obj
LOAD CMakeFiles/Lighting_effect_control.elf.dir/Core/Src/usart.c.obj
LOAD CMakeFiles/Lighting_effect_control.elf.dir/Core/Startup/startup_stm32f103rctx.s.obj
LOAD CMakeFiles/Lighting_effect_control.elf.dir/Drivers/STM32F1xx_HAL_Driver/Src/stm32f1xx_hal.c.obj
LOAD CMakeFiles/Lighting_effect_control.elf.dir/Drivers/STM32F1xx_HAL_Driver/Src/stm32f1xx_hal_adc.c.obj
LOAD CMakeFiles/Lighting_effect_control.elf.dir/Drivers/STM32F1xx_HAL_Driver/Src/stm32f1xx_hal_adc_ex.c.obj
LOAD CMakeFiles/Lighting_effect_control.elf.dir/Drivers/STM32F1xx_HAL_Driver/Src/stm32f1xx_hal_can.c.obj
LOAD CMakeFiles/Lighting_effect_control.elf.dir/Drivers/STM32F1xx_HAL_Driver/Src/stm32f1xx_hal_cortex.c.obj
LOAD CMakeFiles/Lighting_effect_control.elf.dir/Drivers/STM32F1xx_HAL_Driver/Src/stm32f1xx_hal_dma.c.obj
LOAD CMakeFiles/Lighting_effect_control.elf.dir/Drivers/STM32F1xx_HAL_Driver/Src/stm32f1xx_hal_exti.c.obj
LOAD CMakeFiles/Lighting_effect_control.elf.dir/Drivers/STM32F1xx_HAL_Driver/Src/stm32f1xx_hal_flash.c.obj
LOAD CMakeFiles/Lighting_effect_control.elf.dir/Drivers/STM32F1xx_HAL_Driver/Src/stm32f1xx_hal_flash_ex.c.obj
LOAD CMakeFiles/Lighting_effect_control.elf.dir/Drivers/STM32F1xx_HAL_Driver/Src/stm32f1xx_hal_gpio.c.obj
LOAD CMakeFiles/Lighting_effect_control.elf.dir/Drivers/STM32F1xx_HAL_Driver/Src/stm32f1xx_hal_gpio_ex.c.obj
LOAD CMakeFiles/Lighting_effect_control.elf.dir/Drivers/STM32F1xx_HAL_Driver/Src/stm32f1xx_hal_pwr.c.obj
LOAD CMakeFiles/Lighting_effect_control.elf.dir/Drivers/STM32F1xx_HAL_Driver/Src/stm32f1xx_hal_rcc.c.obj
LOAD CMakeFiles/Lighting_effect_control.elf.dir/Drivers/STM32F1xx_HAL_Driver/Src/stm32f1xx_hal_rcc_ex.c.obj
LOAD CMakeFiles/Lighting_effect_control.elf.dir/Drivers/STM32F1xx_HAL_Driver/Src/stm32f1xx_hal_tim.c.obj
LOAD CMakeFiles/Lighting_effect_control.elf.dir/Drivers/STM32F1xx_HAL_Driver/Src/stm32f1xx_hal_tim_ex.c.obj
LOAD CMakeFiles/Lighting_effect_control.elf.dir/Drivers/STM32F1xx_HAL_Driver/Src/stm32f1xx_hal_uart.c.obj
LOAD CMakeFiles/Lighting_effect_control.elf.dir/bsp/WS2812.c.obj
START GROUP
LOAD /home/wangguan/Software/arm-none-eabi-gcc/bin/../lib/gcc/arm-none-eabi/12.3.1/thumb/v7-m/nofp/libgcc.a
LOAD /home/wangguan/Software/arm-none-eabi-gcc/bin/../lib/gcc/arm-none-eabi/12.3.1/../../../../arm-none-eabi/lib/thumb/v7-m/nofp/libg.a
LOAD /home/wangguan/Software/arm-none-eabi-gcc/bin/../lib/gcc/arm-none-eabi/12.3.1/../../../../arm-none-eabi/lib/thumb/v7-m/nofp/libc.a
END GROUP
LOAD /home/wangguan/Software/arm-none-eabi-gcc/bin/../lib/gcc/arm-none-eabi/12.3.1/thumb/v7-m/nofp/crtend.o
LOAD /home/wangguan/Software/arm-none-eabi-gcc/bin/../lib/gcc/arm-none-eabi/12.3.1/thumb/v7-m/nofp/crtn.o
                0x2000c000                        _estack = (ORIGIN (RAM) + LENGTH (RAM))
                0x00000200                        _Min_Heap_Size = 0x200
                0x00000400                        _Min_Stack_Size = 0x400

.isr_vector     0x08000000      0x1e4
                0x08000000                        . = ALIGN (0x4)
 *(.isr_vector)
 .isr_vector    0x08000000      0x1e4 CMakeFiles/Lighting_effect_control.elf.dir/Core/Startup/startup_stm32f103rctx.s.obj
                0x08000000                g_pfnVectors
                0x080001e4                        . = ALIGN (0x4)

.text           0x080001e4     0x2ba8
                0x080001e4                        . = ALIGN (0x4)
 *(.text)
 *(.text*)
 .text.deregister_tm_clones
                0x080001e4       0x1c /home/wangguan/Software/arm-none-eabi-gcc/bin/../lib/gcc/arm-none-eabi/12.3.1/thumb/v7-m/nofp/crtbegin.o
 .text.register_tm_clones
                0x08000200       0x24 /home/wangguan/Software/arm-none-eabi-gcc/bin/../lib/gcc/arm-none-eabi/12.3.1/thumb/v7-m/nofp/crtbegin.o
 .text.__do_global_dtors_aux
                0x08000224       0x28 /home/wangguan/Software/arm-none-eabi-gcc/bin/../lib/gcc/arm-none-eabi/12.3.1/thumb/v7-m/nofp/crtbegin.o
 .text.frame_dummy
                0x0800024c       0x24 /home/wangguan/Software/arm-none-eabi-gcc/bin/../lib/gcc/arm-none-eabi/12.3.1/thumb/v7-m/nofp/crtbegin.o
 .text.MX_ADC1_Init
                0x08000270       0x5c CMakeFiles/Lighting_effect_control.elf.dir/Core/Src/adc.c.obj
                0x08000270                MX_ADC1_Init
 .text.HAL_ADC_MspInit
                0x080002cc       0x2c CMakeFiles/Lighting_effect_control.elf.dir/Core/Src/adc.c.obj
                0x080002cc                HAL_ADC_MspInit
 .text.MX_CAN_Init
                0x080002f8       0x38 CMakeFiles/Lighting_effect_control.elf.dir/Core/Src/can.c.obj
                0x080002f8                MX_CAN_Init
 .text.HAL_CAN_MspInit
                0x08000330       0x98 CMakeFiles/Lighting_effect_control.elf.dir/Core/Src/can.c.obj
                0x08000330                HAL_CAN_MspInit
 .text.MX_DMA_Init
                0x080003c8       0x64 CMakeFiles/Lighting_effect_control.elf.dir/Core/Src/dma.c.obj
                0x080003c8                MX_DMA_Init
 .text.MX_GPIO_Init
                0x0800042c       0x44 CMakeFiles/Lighting_effect_control.elf.dir/Core/Src/gpio.c.obj
                0x0800042c                MX_GPIO_Init
 .text.Error_Handler
                0x08000470        0x4 CMakeFiles/Lighting_effect_control.elf.dir/Core/Src/main.c.obj
                0x08000470                Error_Handler
 .text.SystemClock_Config
                0x08000474       0x86 CMakeFiles/Lighting_effect_control.elf.dir/Core/Src/main.c.obj
                0x08000474                SystemClock_Config
 .text.main     0x080004fa       0x24 CMakeFiles/Lighting_effect_control.elf.dir/Core/Src/main.c.obj
                0x080004fa                main
 *fill*         0x0800051e        0x2 
 .text.HAL_MspInit
                0x08000520       0x44 CMakeFiles/Lighting_effect_control.elf.dir/Core/Src/stm32f1xx_hal_msp.c.obj
                0x08000520                HAL_MspInit
 .text.NMI_Handler
                0x08000564        0x2 CMakeFiles/Lighting_effect_control.elf.dir/Core/Src/stm32f1xx_it.c.obj
                0x08000564                NMI_Handler
 .text.HardFault_Handler
                0x08000566        0x2 CMakeFiles/Lighting_effect_control.elf.dir/Core/Src/stm32f1xx_it.c.obj
                0x08000566                HardFault_Handler
 .text.MemManage_Handler
                0x08000568        0x2 CMakeFiles/Lighting_effect_control.elf.dir/Core/Src/stm32f1xx_it.c.obj
                0x08000568                MemManage_Handler
 .text.BusFault_Handler
                0x0800056a        0x2 CMakeFiles/Lighting_effect_control.elf.dir/Core/Src/stm32f1xx_it.c.obj
                0x0800056a                BusFault_Handler
 .text.UsageFault_Handler
                0x0800056c        0x2 CMakeFiles/Lighting_effect_control.elf.dir/Core/Src/stm32f1xx_it.c.obj
                0x0800056c                UsageFault_Handler
 .text.SVC_Handler
                0x0800056e        0x2 CMakeFiles/Lighting_effect_control.elf.dir/Core/Src/stm32f1xx_it.c.obj
                0x0800056e                SVC_Handler
 .text.DebugMon_Handler
                0x08000570        0x2 CMakeFiles/Lighting_effect_control.elf.dir/Core/Src/stm32f1xx_it.c.obj
                0x08000570                DebugMon_Handler
 .text.PendSV_Handler
                0x08000572        0x2 CMakeFiles/Lighting_effect_control.elf.dir/Core/Src/stm32f1xx_it.c.obj
                0x08000572                PendSV_Handler
 .text.SysTick_Handler
                0x08000574        0x8 CMakeFiles/Lighting_effect_control.elf.dir/Core/Src/stm32f1xx_it.c.obj
                0x08000574                SysTick_Handler
 .text.DMA1_Channel2_IRQHandler
                0x0800057c       0x10 CMakeFiles/Lighting_effect_control.elf.dir/Core/Src/stm32f1xx_it.c.obj
                0x0800057c                DMA1_Channel2_IRQHandler
 .text.DMA1_Channel3_IRQHandler
                0x0800058c       0x10 CMakeFiles/Lighting_effect_control.elf.dir/Core/Src/stm32f1xx_it.c.obj
                0x0800058c                DMA1_Channel3_IRQHandler
 .text.DMA1_Channel4_IRQHandler
                0x0800059c       0x10 CMakeFiles/Lighting_effect_control.elf.dir/Core/Src/stm32f1xx_it.c.obj
                0x0800059c                DMA1_Channel4_IRQHandler
 .text.DMA1_Channel6_IRQHandler
                0x080005ac       0x10 CMakeFiles/Lighting_effect_control.elf.dir/Core/Src/stm32f1xx_it.c.obj
                0x080005ac                DMA1_Channel6_IRQHandler
 .text.CAN1_RX1_IRQHandler
                0x080005bc       0x10 CMakeFiles/Lighting_effect_control.elf.dir/Core/Src/stm32f1xx_it.c.obj
                0x080005bc                CAN1_RX1_IRQHandler
 .text.USART1_IRQHandler
                0x080005cc       0x10 CMakeFiles/Lighting_effect_control.elf.dir/Core/Src/stm32f1xx_it.c.obj
                0x080005cc                USART1_IRQHandler
 .text.SystemInit
                0x080005dc        0x2 CMakeFiles/Lighting_effect_control.elf.dir/Core/Src/system_stm32f1xx.c.obj
                0x080005dc                SystemInit
 *fill*         0x080005de        0x2 
 .text.HAL_TIM_Base_MspInit
                0x080005e0      0x128 CMakeFiles/Lighting_effect_control.elf.dir/Core/Src/tim.c.obj
                0x080005e0                HAL_TIM_Base_MspInit
 .text.HAL_TIM_MspPostInit
                0x08000708       0x50 CMakeFiles/Lighting_effect_control.elf.dir/Core/Src/tim.c.obj
                0x08000708                HAL_TIM_MspPostInit
 .text.MX_TIM1_Init
                0x08000758      0x120 CMakeFiles/Lighting_effect_control.elf.dir/Core/Src/tim.c.obj
                0x08000758                MX_TIM1_Init
 .text.MX_USART1_UART_Init
                0x08000878       0x34 CMakeFiles/Lighting_effect_control.elf.dir/Core/Src/usart.c.obj
                0x08000878                MX_USART1_UART_Init
 .text.HAL_UART_MspInit
                0x080008ac       0x98 CMakeFiles/Lighting_effect_control.elf.dir/Core/Src/usart.c.obj
                0x080008ac                HAL_UART_MspInit
 .text.Reset_Handler
                0x08000944       0x48 CMakeFiles/Lighting_effect_control.elf.dir/Core/Startup/startup_stm32f103rctx.s.obj
                0x08000944                Reset_Handler
 .text.Default_Handler
                0x0800098c        0x2 CMakeFiles/Lighting_effect_control.elf.dir/Core/Startup/startup_stm32f103rctx.s.obj
                0x0800098c                RTC_Alarm_IRQHandler
                0x0800098c                EXTI2_IRQHandler
                0x0800098c                TIM8_TRG_COM_IRQHandler
                0x0800098c                TIM8_CC_IRQHandler
                0x0800098c                TIM1_CC_IRQHandler
                0x0800098c                TIM6_IRQHandler
                0x0800098c                PVD_IRQHandler
                0x0800098c                SDIO_IRQHandler
                0x0800098c                EXTI3_IRQHandler
                0x0800098c                EXTI0_IRQHandler
                0x0800098c                I2C2_EV_IRQHandler
                0x0800098c                ADC1_2_IRQHandler
                0x0800098c                SPI1_IRQHandler
                0x0800098c                TAMPER_IRQHandler
                0x0800098c                TIM8_UP_IRQHandler
                0x0800098c                DMA2_Channel2_IRQHandler
                0x0800098c                USART3_IRQHandler
                0x0800098c                RTC_IRQHandler
                0x0800098c                DMA1_Channel7_IRQHandler
                0x0800098c                UART5_IRQHandler
                0x0800098c                ADC3_IRQHandler
                0x0800098c                TIM4_IRQHandler
                0x0800098c                DMA2_Channel1_IRQHandler
                0x0800098c                I2C1_EV_IRQHandler
                0x0800098c                UART4_IRQHandler
                0x0800098c                TIM3_IRQHandler
                0x0800098c                RCC_IRQHandler
                0x0800098c                TIM1_TRG_COM_IRQHandler
                0x0800098c                DMA1_Channel1_IRQHandler
                0x0800098c                Default_Handler
                0x0800098c                EXTI15_10_IRQHandler
                0x0800098c                TIM7_IRQHandler
                0x0800098c                TIM5_IRQHandler
                0x0800098c                EXTI9_5_IRQHandler
                0x0800098c                SPI2_IRQHandler
                0x0800098c                DMA1_Channel5_IRQHandler
                0x0800098c                EXTI4_IRQHandler
                0x0800098c                USB_LP_CAN1_RX0_IRQHandler
                0x0800098c                USB_HP_CAN1_TX_IRQHandler
                0x0800098c                FSMC_IRQHandler
                0x0800098c                TIM1_UP_IRQHandler
                0x0800098c                WWDG_IRQHandler
                0x0800098c                TIM2_IRQHandler
                0x0800098c                TIM1_BRK_IRQHandler
                0x0800098c                EXTI1_IRQHandler
                0x0800098c                DMA2_Channel4_5_IRQHandler
                0x0800098c                USART2_IRQHandler
                0x0800098c                I2C2_ER_IRQHandler
                0x0800098c                TIM8_BRK_IRQHandler
                0x0800098c                CAN1_SCE_IRQHandler
                0x0800098c                FLASH_IRQHandler
                0x0800098c                SPI3_IRQHandler
                0x0800098c                I2C1_ER_IRQHandler
                0x0800098c                USBWakeUp_IRQHandler
                0x0800098c                DMA2_Channel3_IRQHandler
 *fill*         0x0800098e        0x2 
 .text.HAL_InitTick
                0x08000990       0x4c CMakeFiles/Lighting_effect_control.elf.dir/Drivers/STM32F1xx_HAL_Driver/Src/stm32f1xx_hal.c.obj
                0x08000990                HAL_InitTick
 .text.HAL_Init
                0x080009dc       0x24 CMakeFiles/Lighting_effect_control.elf.dir/Drivers/STM32F1xx_HAL_Driver/Src/stm32f1xx_hal.c.obj
                0x080009dc                HAL_Init
 .text.HAL_IncTick
                0x08000a00       0x18 CMakeFiles/Lighting_effect_control.elf.dir/Drivers/STM32F1xx_HAL_Driver/Src/stm32f1xx_hal.c.obj
                0x08000a00                HAL_IncTick
 .text.HAL_GetTick
                0x08000a18        0xc CMakeFiles/Lighting_effect_control.elf.dir/Drivers/STM32F1xx_HAL_Driver/Src/stm32f1xx_hal.c.obj
                0x08000a18                HAL_GetTick
 .text.HAL_ADC_ConfigChannel
                0x08000a24      0x140 CMakeFiles/Lighting_effect_control.elf.dir/Drivers/STM32F1xx_HAL_Driver/Src/stm32f1xx_hal_adc.c.obj
                0x08000a24                HAL_ADC_ConfigChannel
 .text.ADC_ConversionStop_Disable
                0x08000b64       0x56 CMakeFiles/Lighting_effect_control.elf.dir/Drivers/STM32F1xx_HAL_Driver/Src/stm32f1xx_hal_adc.c.obj
                0x08000b64                ADC_ConversionStop_Disable
 *fill*         0x08000bba        0x2 
 .text.HAL_ADC_Init
                0x08000bbc      0x128 CMakeFiles/Lighting_effect_control.elf.dir/Drivers/STM32F1xx_HAL_Driver/Src/stm32f1xx_hal_adc.c.obj
                0x08000bbc                HAL_ADC_Init
 .text.HAL_CAN_Init
                0x08000ce4      0x14c CMakeFiles/Lighting_effect_control.elf.dir/Drivers/STM32F1xx_HAL_Driver/Src/stm32f1xx_hal_can.c.obj
                0x08000ce4                HAL_CAN_Init
 .text.HAL_CAN_TxMailbox0CompleteCallback
                0x08000e30        0x2 CMakeFiles/Lighting_effect_control.elf.dir/Drivers/STM32F1xx_HAL_Driver/Src/stm32f1xx_hal_can.c.obj
                0x08000e30                HAL_CAN_TxMailbox0CompleteCallback
 .text.HAL_CAN_TxMailbox1CompleteCallback
                0x08000e32        0x2 CMakeFiles/Lighting_effect_control.elf.dir/Drivers/STM32F1xx_HAL_Driver/Src/stm32f1xx_hal_can.c.obj
                0x08000e32                HAL_CAN_TxMailbox1CompleteCallback
 .text.HAL_CAN_TxMailbox2CompleteCallback
                0x08000e34        0x2 CMakeFiles/Lighting_effect_control.elf.dir/Drivers/STM32F1xx_HAL_Driver/Src/stm32f1xx_hal_can.c.obj
                0x08000e34                HAL_CAN_TxMailbox2CompleteCallback
 .text.HAL_CAN_TxMailbox0AbortCallback
                0x08000e36        0x2 CMakeFiles/Lighting_effect_control.elf.dir/Drivers/STM32F1xx_HAL_Driver/Src/stm32f1xx_hal_can.c.obj
                0x08000e36                HAL_CAN_TxMailbox0AbortCallback
 .text.HAL_CAN_TxMailbox1AbortCallback
                0x08000e38        0x2 CMakeFiles/Lighting_effect_control.elf.dir/Drivers/STM32F1xx_HAL_Driver/Src/stm32f1xx_hal_can.c.obj
                0x08000e38                HAL_CAN_TxMailbox1AbortCallback
 .text.HAL_CAN_TxMailbox2AbortCallback
                0x08000e3a        0x2 CMakeFiles/Lighting_effect_control.elf.dir/Drivers/STM32F1xx_HAL_Driver/Src/stm32f1xx_hal_can.c.obj
                0x08000e3a                HAL_CAN_TxMailbox2AbortCallback
 .text.HAL_CAN_RxFifo0MsgPendingCallback
                0x08000e3c        0x2 CMakeFiles/Lighting_effect_control.elf.dir/Drivers/STM32F1xx_HAL_Driver/Src/stm32f1xx_hal_can.c.obj
                0x08000e3c                HAL_CAN_RxFifo0MsgPendingCallback
 .text.HAL_CAN_RxFifo0FullCallback
                0x08000e3e        0x2 CMakeFiles/Lighting_effect_control.elf.dir/Drivers/STM32F1xx_HAL_Driver/Src/stm32f1xx_hal_can.c.obj
                0x08000e3e                HAL_CAN_RxFifo0FullCallback
 .text.HAL_CAN_RxFifo1MsgPendingCallback
                0x08000e40        0x2 CMakeFiles/Lighting_effect_control.elf.dir/Drivers/STM32F1xx_HAL_Driver/Src/stm32f1xx_hal_can.c.obj
                0x08000e40                HAL_CAN_RxFifo1MsgPendingCallback
 .text.HAL_CAN_RxFifo1FullCallback
                0x08000e42        0x2 CMakeFiles/Lighting_effect_control.elf.dir/Drivers/STM32F1xx_HAL_Driver/Src/stm32f1xx_hal_can.c.obj
                0x08000e42                HAL_CAN_RxFifo1FullCallback
 .text.HAL_CAN_SleepCallback
                0x08000e44        0x2 CMakeFiles/Lighting_effect_control.elf.dir/Drivers/STM32F1xx_HAL_Driver/Src/stm32f1xx_hal_can.c.obj
                0x08000e44                HAL_CAN_SleepCallback
 .text.HAL_CAN_WakeUpFromRxMsgCallback
                0x08000e46        0x2 CMakeFiles/Lighting_effect_control.elf.dir/Drivers/STM32F1xx_HAL_Driver/Src/stm32f1xx_hal_can.c.obj
                0x08000e46                HAL_CAN_WakeUpFromRxMsgCallback
 .text.HAL_CAN_ErrorCallback
                0x08000e48        0x2 CMakeFiles/Lighting_effect_control.elf.dir/Drivers/STM32F1xx_HAL_Driver/Src/stm32f1xx_hal_can.c.obj
                0x08000e48                HAL_CAN_ErrorCallback
 .text.HAL_CAN_IRQHandler
                0x08000e4a      0x24a CMakeFiles/Lighting_effect_control.elf.dir/Drivers/STM32F1xx_HAL_Driver/Src/stm32f1xx_hal_can.c.obj
                0x08000e4a                HAL_CAN_IRQHandler
 .text.__NVIC_SetPriority
                0x08001094       0x28 CMakeFiles/Lighting_effect_control.elf.dir/Drivers/STM32F1xx_HAL_Driver/Src/stm32f1xx_hal_cortex.c.obj
 .text.NVIC_EncodePriority
                0x080010bc       0x3e CMakeFiles/Lighting_effect_control.elf.dir/Drivers/STM32F1xx_HAL_Driver/Src/stm32f1xx_hal_cortex.c.obj
 *fill*         0x080010fa        0x2 
 .text.HAL_NVIC_SetPriorityGrouping
                0x080010fc       0x24 CMakeFiles/Lighting_effect_control.elf.dir/Drivers/STM32F1xx_HAL_Driver/Src/stm32f1xx_hal_cortex.c.obj
                0x080010fc                HAL_NVIC_SetPriorityGrouping
 .text.HAL_NVIC_SetPriority
                0x08001120       0x20 CMakeFiles/Lighting_effect_control.elf.dir/Drivers/STM32F1xx_HAL_Driver/Src/stm32f1xx_hal_cortex.c.obj
                0x08001120                HAL_NVIC_SetPriority
 .text.HAL_NVIC_EnableIRQ
                0x08001140       0x1c CMakeFiles/Lighting_effect_control.elf.dir/Drivers/STM32F1xx_HAL_Driver/Src/stm32f1xx_hal_cortex.c.obj
                0x08001140                HAL_NVIC_EnableIRQ
 .text.HAL_SYSTICK_Config
                0x0800115c       0x28 CMakeFiles/Lighting_effect_control.elf.dir/Drivers/STM32F1xx_HAL_Driver/Src/stm32f1xx_hal_cortex.c.obj
                0x0800115c                HAL_SYSTICK_Config
 .text.HAL_DMA_Init
                0x08001184       0x98 CMakeFiles/Lighting_effect_control.elf.dir/Drivers/STM32F1xx_HAL_Driver/Src/stm32f1xx_hal_dma.c.obj
                0x08001184                HAL_DMA_Init
 .text.HAL_DMA_Abort
                0x0800121c       0x46 CMakeFiles/Lighting_effect_control.elf.dir/Drivers/STM32F1xx_HAL_Driver/Src/stm32f1xx_hal_dma.c.obj
                0x0800121c                HAL_DMA_Abort
 *fill*         0x08001262        0x2 
 .text.HAL_DMA_Abort_IT
                0x08001264      0x16c CMakeFiles/Lighting_effect_control.elf.dir/Drivers/STM32F1xx_HAL_Driver/Src/stm32f1xx_hal_dma.c.obj
                0x08001264                HAL_DMA_Abort_IT
 .text.HAL_DMA_IRQHandler
                0x080013d0      0x2ec CMakeFiles/Lighting_effect_control.elf.dir/Drivers/STM32F1xx_HAL_Driver/Src/stm32f1xx_hal_dma.c.obj
                0x080013d0                HAL_DMA_IRQHandler
 .text.HAL_GPIO_Init
                0x080016bc      0x238 CMakeFiles/Lighting_effect_control.elf.dir/Drivers/STM32F1xx_HAL_Driver/Src/stm32f1xx_hal_gpio.c.obj
                0x080016bc                HAL_GPIO_Init
 .text.RCC_Delay
                0x080018f4       0x2c CMakeFiles/Lighting_effect_control.elf.dir/Drivers/STM32F1xx_HAL_Driver/Src/stm32f1xx_hal_rcc.c.obj
 .text.HAL_RCC_OscConfig
                0x08001920      0x410 CMakeFiles/Lighting_effect_control.elf.dir/Drivers/STM32F1xx_HAL_Driver/Src/stm32f1xx_hal_rcc.c.obj
                0x08001920                HAL_RCC_OscConfig
 .text.HAL_RCC_GetSysClockFreq
                0x08001d30       0x60 CMakeFiles/Lighting_effect_control.elf.dir/Drivers/STM32F1xx_HAL_Driver/Src/stm32f1xx_hal_rcc.c.obj
                0x08001d30                HAL_RCC_GetSysClockFreq
 .text.HAL_RCC_ClockConfig
                0x08001d90      0x16c CMakeFiles/Lighting_effect_control.elf.dir/Drivers/STM32F1xx_HAL_Driver/Src/stm32f1xx_hal_rcc.c.obj
                0x08001d90                HAL_RCC_ClockConfig
 .text.HAL_RCC_GetHCLKFreq
                0x08001efc        0xc CMakeFiles/Lighting_effect_control.elf.dir/Drivers/STM32F1xx_HAL_Driver/Src/stm32f1xx_hal_rcc.c.obj
                0x08001efc                HAL_RCC_GetHCLKFreq
 .text.HAL_RCC_GetPCLK1Freq
                0x08001f08       0x20 CMakeFiles/Lighting_effect_control.elf.dir/Drivers/STM32F1xx_HAL_Driver/Src/stm32f1xx_hal_rcc.c.obj
                0x08001f08                HAL_RCC_GetPCLK1Freq
 .text.HAL_RCC_GetPCLK2Freq
                0x08001f28       0x20 CMakeFiles/Lighting_effect_control.elf.dir/Drivers/STM32F1xx_HAL_Driver/Src/stm32f1xx_hal_rcc.c.obj
                0x08001f28                HAL_RCC_GetPCLK2Freq
 .text.HAL_RCCEx_PeriphCLKConfig
                0x08001f48      0x118 CMakeFiles/Lighting_effect_control.elf.dir/Drivers/STM32F1xx_HAL_Driver/Src/stm32f1xx_hal_rcc_ex.c.obj
                0x08001f48                HAL_RCCEx_PeriphCLKConfig
 .text.TIM_OC1_SetConfig
                0x08002060       0x70 CMakeFiles/Lighting_effect_control.elf.dir/Drivers/STM32F1xx_HAL_Driver/Src/stm32f1xx_hal_tim.c.obj
 .text.TIM_OC3_SetConfig
                0x080020d0       0x70 CMakeFiles/Lighting_effect_control.elf.dir/Drivers/STM32F1xx_HAL_Driver/Src/stm32f1xx_hal_tim.c.obj
 .text.TIM_OC4_SetConfig
                0x08002140       0x50 CMakeFiles/Lighting_effect_control.elf.dir/Drivers/STM32F1xx_HAL_Driver/Src/stm32f1xx_hal_tim.c.obj
 .text.TIM_TI1_ConfigInputStage
                0x08002190       0x24 CMakeFiles/Lighting_effect_control.elf.dir/Drivers/STM32F1xx_HAL_Driver/Src/stm32f1xx_hal_tim.c.obj
 .text.TIM_TI2_ConfigInputStage
                0x080021b4       0x26 CMakeFiles/Lighting_effect_control.elf.dir/Drivers/STM32F1xx_HAL_Driver/Src/stm32f1xx_hal_tim.c.obj
 .text.TIM_ITRx_SetConfig
                0x080021da       0x10 CMakeFiles/Lighting_effect_control.elf.dir/Drivers/STM32F1xx_HAL_Driver/Src/stm32f1xx_hal_tim.c.obj
 .text.HAL_TIM_PWM_MspInit
                0x080021ea        0x2 CMakeFiles/Lighting_effect_control.elf.dir/Drivers/STM32F1xx_HAL_Driver/Src/stm32f1xx_hal_tim.c.obj
                0x080021ea                HAL_TIM_PWM_MspInit
 .text.TIM_Base_SetConfig
                0x080021ec       0x98 CMakeFiles/Lighting_effect_control.elf.dir/Drivers/STM32F1xx_HAL_Driver/Src/stm32f1xx_hal_tim.c.obj
                0x080021ec                TIM_Base_SetConfig
 .text.HAL_TIM_Base_Init
                0x08002284       0x58 CMakeFiles/Lighting_effect_control.elf.dir/Drivers/STM32F1xx_HAL_Driver/Src/stm32f1xx_hal_tim.c.obj
                0x08002284                HAL_TIM_Base_Init
 .text.HAL_TIM_PWM_Init
                0x080022dc       0x58 CMakeFiles/Lighting_effect_control.elf.dir/Drivers/STM32F1xx_HAL_Driver/Src/stm32f1xx_hal_tim.c.obj
                0x080022dc                HAL_TIM_PWM_Init
 .text.TIM_OC2_SetConfig
                0x08002334       0x70 CMakeFiles/Lighting_effect_control.elf.dir/Drivers/STM32F1xx_HAL_Driver/Src/stm32f1xx_hal_tim.c.obj
                0x08002334                TIM_OC2_SetConfig
 .text.HAL_TIM_PWM_ConfigChannel
                0x080023a4       0xdc CMakeFiles/Lighting_effect_control.elf.dir/Drivers/STM32F1xx_HAL_Driver/Src/stm32f1xx_hal_tim.c.obj
                0x080023a4                HAL_TIM_PWM_ConfigChannel
 .text.TIM_ETR_SetConfig
                0x08002480       0x18 CMakeFiles/Lighting_effect_control.elf.dir/Drivers/STM32F1xx_HAL_Driver/Src/stm32f1xx_hal_tim.c.obj
                0x08002480                TIM_ETR_SetConfig
 .text.HAL_TIM_ConfigClockSource
                0x08002498       0xfe CMakeFiles/Lighting_effect_control.elf.dir/Drivers/STM32F1xx_HAL_Driver/Src/stm32f1xx_hal_tim.c.obj
                0x08002498                HAL_TIM_ConfigClockSource
 *fill*         0x08002596        0x2 
 .text.HAL_TIMEx_MasterConfigSynchronization
                0x08002598       0x7c CMakeFiles/Lighting_effect_control.elf.dir/Drivers/STM32F1xx_HAL_Driver/Src/stm32f1xx_hal_tim_ex.c.obj
                0x08002598                HAL_TIMEx_MasterConfigSynchronization
 .text.HAL_TIMEx_ConfigBreakDeadTime
                0x08002614       0x52 CMakeFiles/Lighting_effect_control.elf.dir/Drivers/STM32F1xx_HAL_Driver/Src/stm32f1xx_hal_tim_ex.c.obj
                0x08002614                HAL_TIMEx_ConfigBreakDeadTime
 .text.UART_EndRxTransfer
                0x08002666       0x5c CMakeFiles/Lighting_effect_control.elf.dir/Drivers/STM32F1xx_HAL_Driver/Src/stm32f1xx_hal_uart.c.obj
 .text.UART_Transmit_IT
                0x080026c2       0x60 CMakeFiles/Lighting_effect_control.elf.dir/Drivers/STM32F1xx_HAL_Driver/Src/stm32f1xx_hal_uart.c.obj
 *fill*         0x08002722        0x2 
 .text.UART_SetConfig
                0x08002724       0x94 CMakeFiles/Lighting_effect_control.elf.dir/Drivers/STM32F1xx_HAL_Driver/Src/stm32f1xx_hal_uart.c.obj
 .text.HAL_UART_Init
                0x080027b8       0x60 CMakeFiles/Lighting_effect_control.elf.dir/Drivers/STM32F1xx_HAL_Driver/Src/stm32f1xx_hal_uart.c.obj
                0x080027b8                HAL_UART_Init
 .text.HAL_UART_TxCpltCallback
                0x08002818        0x2 CMakeFiles/Lighting_effect_control.elf.dir/Drivers/STM32F1xx_HAL_Driver/Src/stm32f1xx_hal_uart.c.obj
                0x08002818                HAL_UART_TxCpltCallback
 .text.UART_EndTransmit_IT
                0x0800281a       0x1a CMakeFiles/Lighting_effect_control.elf.dir/Drivers/STM32F1xx_HAL_Driver/Src/stm32f1xx_hal_uart.c.obj
 .text.HAL_UART_RxCpltCallback
                0x08002834        0x2 CMakeFiles/Lighting_effect_control.elf.dir/Drivers/STM32F1xx_HAL_Driver/Src/stm32f1xx_hal_uart.c.obj
                0x08002834                HAL_UART_RxCpltCallback
 .text.HAL_UART_ErrorCallback
                0x08002836        0x2 CMakeFiles/Lighting_effect_control.elf.dir/Drivers/STM32F1xx_HAL_Driver/Src/stm32f1xx_hal_uart.c.obj
                0x08002836                HAL_UART_ErrorCallback
 .text.UART_DMAAbortOnError
                0x08002838       0x10 CMakeFiles/Lighting_effect_control.elf.dir/Drivers/STM32F1xx_HAL_Driver/Src/stm32f1xx_hal_uart.c.obj
 .text.HAL_UARTEx_RxEventCallback
                0x08002848        0x2 CMakeFiles/Lighting_effect_control.elf.dir/Drivers/STM32F1xx_HAL_Driver/Src/stm32f1xx_hal_uart.c.obj
                0x08002848                HAL_UARTEx_RxEventCallback
 .text.UART_Receive_IT
                0x0800284a       0xe6 CMakeFiles/Lighting_effect_control.elf.dir/Drivers/STM32F1xx_HAL_Driver/Src/stm32f1xx_hal_uart.c.obj
 .text.HAL_UART_IRQHandler
                0x08002930      0x284 CMakeFiles/Lighting_effect_control.elf.dir/Drivers/STM32F1xx_HAL_Driver/Src/stm32f1xx_hal_uart.c.obj
                0x08002930                HAL_UART_IRQHandler
 .text.startup.register_fini
                0x08002bb4       0x14 /home/wangguan/Software/arm-none-eabi-gcc/bin/../lib/gcc/arm-none-eabi/12.3.1/../../../../arm-none-eabi/lib/thumb/v7-m/nofp/libg.a(libc_a-__call_atexit.o)
 .text.memset   0x08002bc8       0xa0 /home/wangguan/Software/arm-none-eabi-gcc/bin/../lib/gcc/arm-none-eabi/12.3.1/../../../../arm-none-eabi/lib/thumb/v7-m/nofp/libg.a(libc_a-memset.o)
                0x08002bc8                memset
 .text.__libc_init_array
                0x08002c68       0x50 /home/wangguan/Software/arm-none-eabi-gcc/bin/../lib/gcc/arm-none-eabi/12.3.1/../../../../arm-none-eabi/lib/thumb/v7-m/nofp/libg.a(libc_a-init.o)
                0x08002c68                __libc_init_array
 .text.__libc_fini_array
                0x08002cb8       0x28 /home/wangguan/Software/arm-none-eabi-gcc/bin/../lib/gcc/arm-none-eabi/12.3.1/../../../../arm-none-eabi/lib/thumb/v7-m/nofp/libg.a(libc_a-fini.o)
                0x08002cb8                __libc_fini_array
 .text.__retarget_lock_acquire_recursive
                0x08002ce0        0x4 /home/wangguan/Software/arm-none-eabi-gcc/bin/../lib/gcc/arm-none-eabi/12.3.1/../../../../arm-none-eabi/lib/thumb/v7-m/nofp/libg.a(libc_a-lock.o)
                0x08002ce0                __retarget_lock_acquire_recursive
 .text.__retarget_lock_release_recursive
                0x08002ce4        0x4 /home/wangguan/Software/arm-none-eabi-gcc/bin/../lib/gcc/arm-none-eabi/12.3.1/../../../../arm-none-eabi/lib/thumb/v7-m/nofp/libg.a(libc_a-lock.o)
                0x08002ce4                __retarget_lock_release_recursive
 .text.atexit   0x08002ce8        0xc /home/wangguan/Software/arm-none-eabi-gcc/bin/../lib/gcc/arm-none-eabi/12.3.1/../../../../arm-none-eabi/lib/thumb/v7-m/nofp/libg.a(libc_a-atexit.o)
                0x08002ce8                atexit
 .text.__register_exitproc
                0x08002cf4       0x80 /home/wangguan/Software/arm-none-eabi-gcc/bin/../lib/gcc/arm-none-eabi/12.3.1/../../../../arm-none-eabi/lib/thumb/v7-m/nofp/libg.a(libc_a-__atexit.o)
                0x08002cf4                __register_exitproc
 *(.glue_7)
 .glue_7        0x08002d74        0x0 linker stubs
 *(.glue_7t)
 .glue_7t       0x08002d74        0x0 linker stubs
 *(.eh_frame)
 .eh_frame      0x08002d74        0x0 /home/wangguan/Software/arm-none-eabi-gcc/bin/../lib/gcc/arm-none-eabi/12.3.1/thumb/v7-m/nofp/crtbegin.o
 *(.init)
 .init          0x08002d74        0x4 /home/wangguan/Software/arm-none-eabi-gcc/bin/../lib/gcc/arm-none-eabi/12.3.1/thumb/v7-m/nofp/crti.o
                0x08002d74                _init
 .init          0x08002d78        0x8 /home/wangguan/Software/arm-none-eabi-gcc/bin/../lib/gcc/arm-none-eabi/12.3.1/thumb/v7-m/nofp/crtn.o
 *(.fini)
 .fini          0x08002d80        0x4 /home/wangguan/Software/arm-none-eabi-gcc/bin/../lib/gcc/arm-none-eabi/12.3.1/thumb/v7-m/nofp/crti.o
                0x08002d80                _fini
 .fini          0x08002d84        0x8 /home/wangguan/Software/arm-none-eabi-gcc/bin/../lib/gcc/arm-none-eabi/12.3.1/thumb/v7-m/nofp/crtn.o
                0x08002d8c                        . = ALIGN (0x4)
                0x08002d8c                        _etext = .

.vfp11_veneer   0x08002d8c        0x0
 .vfp11_veneer  0x08002d8c        0x0 linker stubs

.v4_bx          0x08002d8c        0x0
 .v4_bx         0x08002d8c        0x0 linker stubs

.iplt           0x08002d8c        0x0
 .iplt          0x08002d8c        0x0 /home/wangguan/Software/arm-none-eabi-gcc/bin/../lib/gcc/arm-none-eabi/12.3.1/thumb/v7-m/nofp/crtbegin.o

.rodata         0x08002d8c       0x2c
                0x08002d8c                        . = ALIGN (0x4)
 *(.rodata)
 *(.rodata*)
 .rodata.APBPrescTable
                0x08002d8c        0x8 CMakeFiles/Lighting_effect_control.elf.dir/Core/Src/system_stm32f1xx.c.obj
                0x08002d8c                APBPrescTable
 .rodata.AHBPrescTable
                0x08002d94       0x10 CMakeFiles/Lighting_effect_control.elf.dir/Core/Src/system_stm32f1xx.c.obj
                0x08002d94                AHBPrescTable
 .rodata.aPredivFactorTable.0
                0x08002da4        0x2 CMakeFiles/Lighting_effect_control.elf.dir/Drivers/STM32F1xx_HAL_Driver/Src/stm32f1xx_hal_rcc.c.obj
 *fill*         0x08002da6        0x2 
 .rodata.aPLLMULFactorTable.1
                0x08002da8       0x10 CMakeFiles/Lighting_effect_control.elf.dir/Drivers/STM32F1xx_HAL_Driver/Src/stm32f1xx_hal_rcc.c.obj
                0x08002db8                        . = ALIGN (0x4)

.rel.dyn        0x08002db8        0x0
 .rel.iplt      0x08002db8        0x0 /home/wangguan/Software/arm-none-eabi-gcc/bin/../lib/gcc/arm-none-eabi/12.3.1/thumb/v7-m/nofp/crtbegin.o

.ARM.extab      0x08002db8        0x0
                0x08002db8                        . = ALIGN (0x4)
 *(.ARM.extab* .gnu.linkonce.armextab.*)
                0x08002db8                        . = ALIGN (0x4)

.ARM            0x08002db8        0x0
                0x08002db8                        . = ALIGN (0x4)
                0x08002db8                        __exidx_start = .
 *(.ARM.exidx*)
                0x08002db8                        __exidx_end = .
                0x08002db8                        . = ALIGN (0x4)

.preinit_array  0x08002db8        0x0
                0x08002db8                        . = ALIGN (0x4)
                0x08002db8                        PROVIDE (__preinit_array_start = .)
 *(.preinit_array*)
                0x08002db8                        PROVIDE (__preinit_array_end = .)
                0x08002db8                        . = ALIGN (0x4)

.init_array     0x08002db8        0x8
                0x08002db8                        . = ALIGN (0x4)
                0x08002db8                        PROVIDE (__init_array_start = .)
 *(SORT_BY_NAME(.init_array.*))
 .init_array.00000
                0x08002db8        0x4 /home/wangguan/Software/arm-none-eabi-gcc/bin/../lib/gcc/arm-none-eabi/12.3.1/../../../../arm-none-eabi/lib/thumb/v7-m/nofp/libg.a(libc_a-__call_atexit.o)
 *(.init_array*)
 .init_array    0x08002dbc        0x4 /home/wangguan/Software/arm-none-eabi-gcc/bin/../lib/gcc/arm-none-eabi/12.3.1/thumb/v7-m/nofp/crtbegin.o
                0x08002dc0                        PROVIDE (__init_array_end = .)
                0x08002dc0                        . = ALIGN (0x4)

.fini_array     0x08002dc0        0x4
                0x08002dc0                        . = ALIGN (0x4)
                0x08002dc0                        PROVIDE (__fini_array_start = .)
 *(SORT_BY_NAME(.fini_array.*))
 *(.fini_array*)
 .fini_array    0x08002dc0        0x4 /home/wangguan/Software/arm-none-eabi-gcc/bin/../lib/gcc/arm-none-eabi/12.3.1/thumb/v7-m/nofp/crtbegin.o
                0x08002dc4                        PROVIDE (__fini_array_end = .)
                0x08002dc4                        . = ALIGN (0x4)
                0x08002dc4                        _sidata = LOADADDR (.data)

.data           0x20000000       0x10 load address 0x08002dc4
                0x20000000                        . = ALIGN (0x4)
                0x20000000                        _sdata = .
 *(.data)
 *(.data*)
 .data.SystemCoreClock
                0x20000000        0x4 CMakeFiles/Lighting_effect_control.elf.dir/Core/Src/system_stm32f1xx.c.obj
                0x20000000                SystemCoreClock
 .data.uwTickFreq
                0x20000004        0x1 CMakeFiles/Lighting_effect_control.elf.dir/Drivers/STM32F1xx_HAL_Driver/Src/stm32f1xx_hal.c.obj
                0x20000004                uwTickFreq
 *fill*         0x20000005        0x3 
 .data.uwTickPrio
                0x20000008        0x4 CMakeFiles/Lighting_effect_control.elf.dir/Drivers/STM32F1xx_HAL_Driver/Src/stm32f1xx_hal.c.obj
                0x20000008                uwTickPrio
 .data.__atexit_recursive_mutex
                0x2000000c        0x4 /home/wangguan/Software/arm-none-eabi-gcc/bin/../lib/gcc/arm-none-eabi/12.3.1/../../../../arm-none-eabi/lib/thumb/v7-m/nofp/libg.a(libc_a-__call_atexit.o)
                0x2000000c                __atexit_recursive_mutex
 *(.RamFunc)
 *(.RamFunc*)
                0x20000010                        . = ALIGN (0x4)
                0x20000010                        _edata = .

.tm_clone_table
                0x20000010        0x0 load address 0x08002dd4
 .tm_clone_table
                0x20000010        0x0 /home/wangguan/Software/arm-none-eabi-gcc/bin/../lib/gcc/arm-none-eabi/12.3.1/thumb/v7-m/nofp/crtbegin.o
 .tm_clone_table
                0x20000010        0x0 /home/wangguan/Software/arm-none-eabi-gcc/bin/../lib/gcc/arm-none-eabi/12.3.1/thumb/v7-m/nofp/crtend.o

.igot.plt       0x20000010        0x0 load address 0x08002dd4
 .igot.plt      0x20000010        0x0 /home/wangguan/Software/arm-none-eabi-gcc/bin/../lib/gcc/arm-none-eabi/12.3.1/thumb/v7-m/nofp/crtbegin.o
                0x20000010                        . = ALIGN (0x4)

.bss            0x20000010      0x3b0 load address 0x08002dd4
                0x20000010                        _sbss = .
                0x20000010                        __bss_start__ = _sbss
 *(.bss)
 *(.bss*)
 .bss.completed.1
                0x20000010        0x1 /home/wangguan/Software/arm-none-eabi-gcc/bin/../lib/gcc/arm-none-eabi/12.3.1/thumb/v7-m/nofp/crtbegin.o
 *fill*         0x20000011        0x3 
 .bss.object.0  0x20000014       0x18 /home/wangguan/Software/arm-none-eabi-gcc/bin/../lib/gcc/arm-none-eabi/12.3.1/thumb/v7-m/nofp/crtbegin.o
 .bss.hadc1     0x2000002c       0x30 CMakeFiles/Lighting_effect_control.elf.dir/Core/Src/adc.c.obj
                0x2000002c                hadc1
 .bss.hcan      0x2000005c       0x28 CMakeFiles/Lighting_effect_control.elf.dir/Core/Src/can.c.obj
                0x2000005c                hcan
 .bss.hdma_tim1_ch4_trig_com
                0x20000084       0x44 CMakeFiles/Lighting_effect_control.elf.dir/Core/Src/tim.c.obj
                0x20000084                hdma_tim1_ch4_trig_com
 .bss.hdma_tim1_ch3
                0x200000c8       0x44 CMakeFiles/Lighting_effect_control.elf.dir/Core/Src/tim.c.obj
                0x200000c8                hdma_tim1_ch3
 .bss.hdma_tim1_ch2
                0x2000010c       0x44 CMakeFiles/Lighting_effect_control.elf.dir/Core/Src/tim.c.obj
                0x2000010c                hdma_tim1_ch2
 .bss.hdma_tim1_ch1
                0x20000150       0x44 CMakeFiles/Lighting_effect_control.elf.dir/Core/Src/tim.c.obj
                0x20000150                hdma_tim1_ch1
 .bss.htim1     0x20000194       0x48 CMakeFiles/Lighting_effect_control.elf.dir/Core/Src/tim.c.obj
                0x20000194                htim1
 .bss.huart1    0x200001dc       0x48 CMakeFiles/Lighting_effect_control.elf.dir/Core/Src/usart.c.obj
                0x200001dc                huart1
 .bss.uwTick    0x20000224        0x4 CMakeFiles/Lighting_effect_control.elf.dir/Drivers/STM32F1xx_HAL_Driver/Src/stm32f1xx_hal.c.obj
                0x20000224                uwTick
 .bss.__atexit  0x20000228        0x4 /home/wangguan/Software/arm-none-eabi-gcc/bin/../lib/gcc/arm-none-eabi/12.3.1/../../../../arm-none-eabi/lib/thumb/v7-m/nofp/libg.a(libc_a-__call_atexit.o)
                0x20000228                __atexit
 .bss.__lock___atexit_recursive_mutex
                0x2000022c        0x1 /home/wangguan/Software/arm-none-eabi-gcc/bin/../lib/gcc/arm-none-eabi/12.3.1/../../../../arm-none-eabi/lib/thumb/v7-m/nofp/libg.a(libc_a-lock.o)
                0x2000022c                __lock___atexit_recursive_mutex
 *fill*         0x2000022d        0x3 
 .bss.__atexit0
                0x20000230      0x190 /home/wangguan/Software/arm-none-eabi-gcc/bin/../lib/gcc/arm-none-eabi/12.3.1/../../../../arm-none-eabi/lib/thumb/v7-m/nofp/libg.a(libc_a-__atexit.o)
                0x20000230                __atexit0
 *(COMMON)
                0x200003c0                        . = ALIGN (0x4)
                0x200003c0                        _ebss = .
                0x200003c0                        __bss_end__ = _ebss

._user_heap_stack
                0x200003c0      0x600 load address 0x08002dd4
                0x200003c0                        . = ALIGN (0x8)
                [!provide]                        PROVIDE (end = .)
                0x200003c0                        PROVIDE (_end = .)
                0x200005c0                        . = (. + _Min_Heap_Size)
 *fill*         0x200003c0      0x200 
                0x200009c0                        . = (. + _Min_Stack_Size)
 *fill*         0x200005c0      0x400 
                0x200009c0                        . = ALIGN (0x8)

/DISCARD/
 libc.a(*)
 libm.a(*)
 libgcc.a(*)

.ARM.attributes
                0x00000000       0x29
 *(.ARM.attributes)
 .ARM.attributes
                0x00000000       0x1d /home/wangguan/Software/arm-none-eabi-gcc/bin/../lib/gcc/arm-none-eabi/12.3.1/thumb/v7-m/nofp/crti.o
 .ARM.attributes
                0x0000001d       0x2d /home/wangguan/Software/arm-none-eabi-gcc/bin/../lib/gcc/arm-none-eabi/12.3.1/thumb/v7-m/nofp/crtbegin.o
 .ARM.attributes
                0x0000004a       0x2d CMakeFiles/Lighting_effect_control.elf.dir/Core/Src/adc.c.obj
 .ARM.attributes
                0x00000077       0x2d CMakeFiles/Lighting_effect_control.elf.dir/Core/Src/can.c.obj
 .ARM.attributes
                0x000000a4       0x2d CMakeFiles/Lighting_effect_control.elf.dir/Core/Src/dma.c.obj
 .ARM.attributes
                0x000000d1       0x2d CMakeFiles/Lighting_effect_control.elf.dir/Core/Src/gpio.c.obj
 .ARM.attributes
                0x000000fe       0x2d CMakeFiles/Lighting_effect_control.elf.dir/Core/Src/main.c.obj
 .ARM.attributes
                0x0000012b       0x2d CMakeFiles/Lighting_effect_control.elf.dir/Core/Src/stm32f1xx_hal_msp.c.obj
 .ARM.attributes
                0x00000158       0x2d CMakeFiles/Lighting_effect_control.elf.dir/Core/Src/stm32f1xx_it.c.obj
 .ARM.attributes
                0x00000185       0x2d CMakeFiles/Lighting_effect_control.elf.dir/Core/Src/system_stm32f1xx.c.obj
 .ARM.attributes
                0x000001b2       0x2d CMakeFiles/Lighting_effect_control.elf.dir/Core/Src/tim.c.obj
 .ARM.attributes
                0x000001df       0x2d CMakeFiles/Lighting_effect_control.elf.dir/Core/Src/usart.c.obj
 .ARM.attributes
                0x0000020c       0x21 CMakeFiles/Lighting_effect_control.elf.dir/Core/Startup/startup_stm32f103rctx.s.obj
 .ARM.attributes
                0x0000022d       0x2d CMakeFiles/Lighting_effect_control.elf.dir/Drivers/STM32F1xx_HAL_Driver/Src/stm32f1xx_hal.c.obj
 .ARM.attributes
                0x0000025a       0x2d CMakeFiles/Lighting_effect_control.elf.dir/Drivers/STM32F1xx_HAL_Driver/Src/stm32f1xx_hal_adc.c.obj
 .ARM.attributes
                0x00000287       0x2d CMakeFiles/Lighting_effect_control.elf.dir/Drivers/STM32F1xx_HAL_Driver/Src/stm32f1xx_hal_can.c.obj
 .ARM.attributes
                0x000002b4       0x2d CMakeFiles/Lighting_effect_control.elf.dir/Drivers/STM32F1xx_HAL_Driver/Src/stm32f1xx_hal_cortex.c.obj
 .ARM.attributes
                0x000002e1       0x2d CMakeFiles/Lighting_effect_control.elf.dir/Drivers/STM32F1xx_HAL_Driver/Src/stm32f1xx_hal_dma.c.obj
 .ARM.attributes
                0x0000030e       0x2d CMakeFiles/Lighting_effect_control.elf.dir/Drivers/STM32F1xx_HAL_Driver/Src/stm32f1xx_hal_gpio.c.obj
 .ARM.attributes
                0x0000033b       0x2d CMakeFiles/Lighting_effect_control.elf.dir/Drivers/STM32F1xx_HAL_Driver/Src/stm32f1xx_hal_rcc.c.obj
 .ARM.attributes
                0x00000368       0x2d CMakeFiles/Lighting_effect_control.elf.dir/Drivers/STM32F1xx_HAL_Driver/Src/stm32f1xx_hal_rcc_ex.c.obj
 .ARM.attributes
                0x00000395       0x2d CMakeFiles/Lighting_effect_control.elf.dir/Drivers/STM32F1xx_HAL_Driver/Src/stm32f1xx_hal_tim.c.obj
 .ARM.attributes
                0x000003c2       0x2d CMakeFiles/Lighting_effect_control.elf.dir/Drivers/STM32F1xx_HAL_Driver/Src/stm32f1xx_hal_tim_ex.c.obj
 .ARM.attributes
                0x000003ef       0x2d CMakeFiles/Lighting_effect_control.elf.dir/Drivers/STM32F1xx_HAL_Driver/Src/stm32f1xx_hal_uart.c.obj
 .ARM.attributes
                0x0000041c       0x2d /home/wangguan/Software/arm-none-eabi-gcc/bin/../lib/gcc/arm-none-eabi/12.3.1/../../../../arm-none-eabi/lib/thumb/v7-m/nofp/libg.a(libc_a-__call_atexit.o)
 .ARM.attributes
                0x00000449       0x2d /home/wangguan/Software/arm-none-eabi-gcc/bin/../lib/gcc/arm-none-eabi/12.3.1/../../../../arm-none-eabi/lib/thumb/v7-m/nofp/libg.a(libc_a-memset.o)
 .ARM.attributes
                0x00000476       0x2d /home/wangguan/Software/arm-none-eabi-gcc/bin/../lib/gcc/arm-none-eabi/12.3.1/../../../../arm-none-eabi/lib/thumb/v7-m/nofp/libg.a(libc_a-init.o)
 .ARM.attributes
                0x000004a3       0x2d /home/wangguan/Software/arm-none-eabi-gcc/bin/../lib/gcc/arm-none-eabi/12.3.1/../../../../arm-none-eabi/lib/thumb/v7-m/nofp/libg.a(libc_a-fini.o)
 .ARM.attributes
                0x000004d0       0x2d /home/wangguan/Software/arm-none-eabi-gcc/bin/../lib/gcc/arm-none-eabi/12.3.1/../../../../arm-none-eabi/lib/thumb/v7-m/nofp/libg.a(libc_a-lock.o)
 .ARM.attributes
                0x000004fd       0x2d /home/wangguan/Software/arm-none-eabi-gcc/bin/../lib/gcc/arm-none-eabi/12.3.1/../../../../arm-none-eabi/lib/thumb/v7-m/nofp/libg.a(libc_a-atexit.o)
 .ARM.attributes
                0x0000052a       0x2d /home/wangguan/Software/arm-none-eabi-gcc/bin/../lib/gcc/arm-none-eabi/12.3.1/../../../../arm-none-eabi/lib/thumb/v7-m/nofp/libg.a(libc_a-__atexit.o)
 .ARM.attributes
                0x00000557       0x2d /home/wangguan/Software/arm-none-eabi-gcc/bin/../lib/gcc/arm-none-eabi/12.3.1/thumb/v7-m/nofp/crtend.o
 .ARM.attributes
                0x00000584       0x1d /home/wangguan/Software/arm-none-eabi-gcc/bin/../lib/gcc/arm-none-eabi/12.3.1/thumb/v7-m/nofp/crtn.o
OUTPUT(Lighting_effect_control.elf elf32-littlearm)
LOAD linker stubs
LOAD /home/wangguan/Software/arm-none-eabi-gcc/bin/../lib/gcc/arm-none-eabi/12.3.1/../../../../arm-none-eabi/lib/thumb/v7-m/nofp/libc.a
LOAD /home/wangguan/Software/arm-none-eabi-gcc/bin/../lib/gcc/arm-none-eabi/12.3.1/../../../../arm-none-eabi/lib/thumb/v7-m/nofp/libm.a
LOAD /home/wangguan/Software/arm-none-eabi-gcc/bin/../lib/gcc/arm-none-eabi/12.3.1/thumb/v7-m/nofp/libgcc.a

.debug_info     0x00000000    0x12a1a
 .debug_info    0x00000000      0x6c5 CMakeFiles/Lighting_effect_control.elf.dir/Core/Src/adc.c.obj
 .debug_info    0x000006c5      0xa1b CMakeFiles/Lighting_effect_control.elf.dir/Core/Src/can.c.obj
 .debug_info    0x000010e0      0x3f1 CMakeFiles/Lighting_effect_control.elf.dir/Core/Src/dma.c.obj
 .debug_info    0x000014d1      0x180 CMakeFiles/Lighting_effect_control.elf.dir/Core/Src/gpio.c.obj
 .debug_info    0x00001651      0x408 CMakeFiles/Lighting_effect_control.elf.dir/Core/Src/main.c.obj
 .debug_info    0x00001a59      0x1f4 CMakeFiles/Lighting_effect_control.elf.dir/Core/Src/stm32f1xx_hal_msp.c.obj
 .debug_info    0x00001c4d      0xab3 CMakeFiles/Lighting_effect_control.elf.dir/Core/Src/stm32f1xx_it.c.obj
 .debug_info    0x00002700      0x22d CMakeFiles/Lighting_effect_control.elf.dir/Core/Src/system_stm32f1xx.c.obj
 .debug_info    0x0000292d      0xdce CMakeFiles/Lighting_effect_control.elf.dir/Core/Src/tim.c.obj
 .debug_info    0x000036fb      0xae6 CMakeFiles/Lighting_effect_control.elf.dir/Core/Src/usart.c.obj
 .debug_info    0x000041e1       0x30 CMakeFiles/Lighting_effect_control.elf.dir/Core/Startup/startup_stm32f103rctx.s.obj
 .debug_info    0x00004211      0x808 CMakeFiles/Lighting_effect_control.elf.dir/Drivers/STM32F1xx_HAL_Driver/Src/stm32f1xx_hal.c.obj
 .debug_info    0x00004a19      0xed9 CMakeFiles/Lighting_effect_control.elf.dir/Drivers/STM32F1xx_HAL_Driver/Src/stm32f1xx_hal_adc.c.obj
 .debug_info    0x000058f2     0x11cd CMakeFiles/Lighting_effect_control.elf.dir/Drivers/STM32F1xx_HAL_Driver/Src/stm32f1xx_hal_can.c.obj
 .debug_info    0x00006abf      0xd13 CMakeFiles/Lighting_effect_control.elf.dir/Drivers/STM32F1xx_HAL_Driver/Src/stm32f1xx_hal_cortex.c.obj
 .debug_info    0x000077d2      0x7da CMakeFiles/Lighting_effect_control.elf.dir/Drivers/STM32F1xx_HAL_Driver/Src/stm32f1xx_hal_dma.c.obj
 .debug_info    0x00007fac      0x604 CMakeFiles/Lighting_effect_control.elf.dir/Drivers/STM32F1xx_HAL_Driver/Src/stm32f1xx_hal_gpio.c.obj
 .debug_info    0x000085b0      0x9c7 CMakeFiles/Lighting_effect_control.elf.dir/Drivers/STM32F1xx_HAL_Driver/Src/stm32f1xx_hal_rcc.c.obj
 .debug_info    0x00008f77      0x45b CMakeFiles/Lighting_effect_control.elf.dir/Drivers/STM32F1xx_HAL_Driver/Src/stm32f1xx_hal_rcc_ex.c.obj
 .debug_info    0x000093d2     0x3b74 CMakeFiles/Lighting_effect_control.elf.dir/Drivers/STM32F1xx_HAL_Driver/Src/stm32f1xx_hal_tim.c.obj
 .debug_info    0x0000cf46     0x1a88 CMakeFiles/Lighting_effect_control.elf.dir/Drivers/STM32F1xx_HAL_Driver/Src/stm32f1xx_hal_tim_ex.c.obj
 .debug_info    0x0000e9ce     0x404c CMakeFiles/Lighting_effect_control.elf.dir/Drivers/STM32F1xx_HAL_Driver/Src/stm32f1xx_hal_uart.c.obj

.debug_abbrev   0x00000000     0x2bc0
 .debug_abbrev  0x00000000      0x1dc CMakeFiles/Lighting_effect_control.elf.dir/Core/Src/adc.c.obj
 .debug_abbrev  0x000001dc      0x263 CMakeFiles/Lighting_effect_control.elf.dir/Core/Src/can.c.obj
 .debug_abbrev  0x0000043f      0x119 CMakeFiles/Lighting_effect_control.elf.dir/Core/Src/dma.c.obj
 .debug_abbrev  0x00000558       0xc4 CMakeFiles/Lighting_effect_control.elf.dir/Core/Src/gpio.c.obj
 .debug_abbrev  0x0000061c      0x1ae CMakeFiles/Lighting_effect_control.elf.dir/Core/Src/main.c.obj
 .debug_abbrev  0x000007ca       0xed CMakeFiles/Lighting_effect_control.elf.dir/Core/Src/stm32f1xx_hal_msp.c.obj
 .debug_abbrev  0x000008b7      0x1f1 CMakeFiles/Lighting_effect_control.elf.dir/Core/Src/stm32f1xx_it.c.obj
 .debug_abbrev  0x00000aa8      0x143 CMakeFiles/Lighting_effect_control.elf.dir/Core/Src/system_stm32f1xx.c.obj
 .debug_abbrev  0x00000beb      0x24c CMakeFiles/Lighting_effect_control.elf.dir/Core/Src/tim.c.obj
 .debug_abbrev  0x00000e37      0x248 CMakeFiles/Lighting_effect_control.elf.dir/Core/Src/usart.c.obj
 .debug_abbrev  0x0000107f       0x24 CMakeFiles/Lighting_effect_control.elf.dir/Core/Startup/startup_stm32f103rctx.s.obj
 .debug_abbrev  0x000010a3      0x22d CMakeFiles/Lighting_effect_control.elf.dir/Drivers/STM32F1xx_HAL_Driver/Src/stm32f1xx_hal.c.obj
 .debug_abbrev  0x000012d0      0x252 CMakeFiles/Lighting_effect_control.elf.dir/Drivers/STM32F1xx_HAL_Driver/Src/stm32f1xx_hal_adc.c.obj
 .debug_abbrev  0x00001522      0x284 CMakeFiles/Lighting_effect_control.elf.dir/Drivers/STM32F1xx_HAL_Driver/Src/stm32f1xx_hal_can.c.obj
 .debug_abbrev  0x000017a6      0x36d CMakeFiles/Lighting_effect_control.elf.dir/Drivers/STM32F1xx_HAL_Driver/Src/stm32f1xx_hal_cortex.c.obj
 .debug_abbrev  0x00001b13      0x244 CMakeFiles/Lighting_effect_control.elf.dir/Drivers/STM32F1xx_HAL_Driver/Src/stm32f1xx_hal_dma.c.obj
 .debug_abbrev  0x00001d57      0x1f7 CMakeFiles/Lighting_effect_control.elf.dir/Drivers/STM32F1xx_HAL_Driver/Src/stm32f1xx_hal_gpio.c.obj
 .debug_abbrev  0x00001f4e      0x2a0 CMakeFiles/Lighting_effect_control.elf.dir/Drivers/STM32F1xx_HAL_Driver/Src/stm32f1xx_hal_rcc.c.obj
 .debug_abbrev  0x000021ee      0x1d8 CMakeFiles/Lighting_effect_control.elf.dir/Drivers/STM32F1xx_HAL_Driver/Src/stm32f1xx_hal_rcc_ex.c.obj
 .debug_abbrev  0x000023c6      0x270 CMakeFiles/Lighting_effect_control.elf.dir/Drivers/STM32F1xx_HAL_Driver/Src/stm32f1xx_hal_tim.c.obj
 .debug_abbrev  0x00002636      0x26e CMakeFiles/Lighting_effect_control.elf.dir/Drivers/STM32F1xx_HAL_Driver/Src/stm32f1xx_hal_tim_ex.c.obj
 .debug_abbrev  0x000028a4      0x31c CMakeFiles/Lighting_effect_control.elf.dir/Drivers/STM32F1xx_HAL_Driver/Src/stm32f1xx_hal_uart.c.obj

.debug_aranges  0x00000000      0xed8
 .debug_aranges
                0x00000000       0x30 CMakeFiles/Lighting_effect_control.elf.dir/Core/Src/adc.c.obj
 .debug_aranges
                0x00000030       0x30 CMakeFiles/Lighting_effect_control.elf.dir/Core/Src/can.c.obj
 .debug_aranges
                0x00000060       0x20 CMakeFiles/Lighting_effect_control.elf.dir/Core/Src/dma.c.obj
 .debug_aranges
                0x00000080       0x20 CMakeFiles/Lighting_effect_control.elf.dir/Core/Src/gpio.c.obj
 .debug_aranges
                0x000000a0       0x30 CMakeFiles/Lighting_effect_control.elf.dir/Core/Src/main.c.obj
 .debug_aranges
                0x000000d0       0x20 CMakeFiles/Lighting_effect_control.elf.dir/Core/Src/stm32f1xx_hal_msp.c.obj
 .debug_aranges
                0x000000f0       0x90 CMakeFiles/Lighting_effect_control.elf.dir/Core/Src/stm32f1xx_it.c.obj
 .debug_aranges
                0x00000180       0x28 CMakeFiles/Lighting_effect_control.elf.dir/Core/Src/system_stm32f1xx.c.obj
 .debug_aranges
                0x000001a8       0x38 CMakeFiles/Lighting_effect_control.elf.dir/Core/Src/tim.c.obj
 .debug_aranges
                0x000001e0       0x30 CMakeFiles/Lighting_effect_control.elf.dir/Core/Src/usart.c.obj
 .debug_aranges
                0x00000210       0x28 CMakeFiles/Lighting_effect_control.elf.dir/Core/Startup/startup_stm32f103rctx.s.obj
 .debug_aranges
                0x00000238       0xe0 CMakeFiles/Lighting_effect_control.elf.dir/Drivers/STM32F1xx_HAL_Driver/Src/stm32f1xx_hal.c.obj
 .debug_aranges
                0x00000318       0xf0 CMakeFiles/Lighting_effect_control.elf.dir/Drivers/STM32F1xx_HAL_Driver/Src/stm32f1xx_hal_adc.c.obj
 .debug_aranges
                0x00000408      0x138 CMakeFiles/Lighting_effect_control.elf.dir/Drivers/STM32F1xx_HAL_Driver/Src/stm32f1xx_hal_can.c.obj
 .debug_aranges
                0x00000540       0xc0 CMakeFiles/Lighting_effect_control.elf.dir/Drivers/STM32F1xx_HAL_Driver/Src/stm32f1xx_hal_cortex.c.obj
 .debug_aranges
                0x00000600       0x80 CMakeFiles/Lighting_effect_control.elf.dir/Drivers/STM32F1xx_HAL_Driver/Src/stm32f1xx_hal_dma.c.obj
 .debug_aranges
                0x00000680       0x58 CMakeFiles/Lighting_effect_control.elf.dir/Drivers/STM32F1xx_HAL_Driver/Src/stm32f1xx_hal_gpio.c.obj
 .debug_aranges
                0x000006d8       0x90 CMakeFiles/Lighting_effect_control.elf.dir/Drivers/STM32F1xx_HAL_Driver/Src/stm32f1xx_hal_rcc.c.obj
 .debug_aranges
                0x00000768       0x30 CMakeFiles/Lighting_effect_control.elf.dir/Drivers/STM32F1xx_HAL_Driver/Src/stm32f1xx_hal_rcc_ex.c.obj
 .debug_aranges
                0x00000798      0x3d0 CMakeFiles/Lighting_effect_control.elf.dir/Drivers/STM32F1xx_HAL_Driver/Src/stm32f1xx_hal_tim.c.obj
 .debug_aranges
                0x00000b68      0x168 CMakeFiles/Lighting_effect_control.elf.dir/Drivers/STM32F1xx_HAL_Driver/Src/stm32f1xx_hal_tim_ex.c.obj
 .debug_aranges
                0x00000cd0      0x208 CMakeFiles/Lighting_effect_control.elf.dir/Drivers/STM32F1xx_HAL_Driver/Src/stm32f1xx_hal_uart.c.obj

.debug_rnglists
                0x00000000      0xb50
 .debug_rnglists
                0x00000000       0x1f CMakeFiles/Lighting_effect_control.elf.dir/Core/Src/adc.c.obj
 .debug_rnglists
                0x0000001f       0x20 CMakeFiles/Lighting_effect_control.elf.dir/Core/Src/can.c.obj
 .debug_rnglists
                0x0000003f       0x13 CMakeFiles/Lighting_effect_control.elf.dir/Core/Src/dma.c.obj
 .debug_rnglists
                0x00000052       0x13 CMakeFiles/Lighting_effect_control.elf.dir/Core/Src/gpio.c.obj
 .debug_rnglists
                0x00000065       0x20 CMakeFiles/Lighting_effect_control.elf.dir/Core/Src/main.c.obj
 .debug_rnglists
                0x00000085       0x13 CMakeFiles/Lighting_effect_control.elf.dir/Core/Src/stm32f1xx_hal_msp.c.obj
 .debug_rnglists
                0x00000098       0x67 CMakeFiles/Lighting_effect_control.elf.dir/Core/Src/stm32f1xx_it.c.obj
 .debug_rnglists
                0x000000ff       0x1a CMakeFiles/Lighting_effect_control.elf.dir/Core/Src/system_stm32f1xx.c.obj
 .debug_rnglists
                0x00000119       0x27 CMakeFiles/Lighting_effect_control.elf.dir/Core/Src/tim.c.obj
 .debug_rnglists
                0x00000140       0x20 CMakeFiles/Lighting_effect_control.elf.dir/Core/Src/usart.c.obj
 .debug_rnglists
                0x00000160       0x19 CMakeFiles/Lighting_effect_control.elf.dir/Core/Startup/startup_stm32f103rctx.s.obj
 .debug_rnglists
                0x00000179       0xa3 CMakeFiles/Lighting_effect_control.elf.dir/Drivers/STM32F1xx_HAL_Driver/Src/stm32f1xx_hal.c.obj
 .debug_rnglists
                0x0000021c       0xb8 CMakeFiles/Lighting_effect_control.elf.dir/Drivers/STM32F1xx_HAL_Driver/Src/stm32f1xx_hal_adc.c.obj
 .debug_rnglists
                0x000002d4       0xea CMakeFiles/Lighting_effect_control.elf.dir/Drivers/STM32F1xx_HAL_Driver/Src/stm32f1xx_hal_can.c.obj
 .debug_rnglists
                0x000003be       0x8b CMakeFiles/Lighting_effect_control.elf.dir/Drivers/STM32F1xx_HAL_Driver/Src/stm32f1xx_hal_cortex.c.obj
 .debug_rnglists
                0x00000449       0x60 CMakeFiles/Lighting_effect_control.elf.dir/Drivers/STM32F1xx_HAL_Driver/Src/stm32f1xx_hal_dma.c.obj
 .debug_rnglists
                0x000004a9       0x3f CMakeFiles/Lighting_effect_control.elf.dir/Drivers/STM32F1xx_HAL_Driver/Src/stm32f1xx_hal_gpio.c.obj
 .debug_rnglists
                0x000004e8       0x7d CMakeFiles/Lighting_effect_control.elf.dir/Drivers/STM32F1xx_HAL_Driver/Src/stm32f1xx_hal_rcc.c.obj
 .debug_rnglists
                0x00000565       0x2f CMakeFiles/Lighting_effect_control.elf.dir/Drivers/STM32F1xx_HAL_Driver/Src/stm32f1xx_hal_rcc_ex.c.obj
 .debug_rnglists
                0x00000594      0x301 CMakeFiles/Lighting_effect_control.elf.dir/Drivers/STM32F1xx_HAL_Driver/Src/stm32f1xx_hal_tim.c.obj
 .debug_rnglists
                0x00000895      0x11a CMakeFiles/Lighting_effect_control.elf.dir/Drivers/STM32F1xx_HAL_Driver/Src/stm32f1xx_hal_tim_ex.c.obj
 .debug_rnglists
                0x000009af      0x1a1 CMakeFiles/Lighting_effect_control.elf.dir/Drivers/STM32F1xx_HAL_Driver/Src/stm32f1xx_hal_uart.c.obj

.debug_line     0x00000000    0x12070
 .debug_line    0x00000000      0x35b CMakeFiles/Lighting_effect_control.elf.dir/Core/Src/adc.c.obj
 .debug_line    0x0000035b      0x3c3 CMakeFiles/Lighting_effect_control.elf.dir/Core/Src/can.c.obj
 .debug_line    0x0000071e      0x213 CMakeFiles/Lighting_effect_control.elf.dir/Core/Src/dma.c.obj
 .debug_line    0x00000931      0x1a9 CMakeFiles/Lighting_effect_control.elf.dir/Core/Src/gpio.c.obj
 .debug_line    0x00000ada      0x3bf CMakeFiles/Lighting_effect_control.elf.dir/Core/Src/main.c.obj
 .debug_line    0x00000e99      0x1b7 CMakeFiles/Lighting_effect_control.elf.dir/Core/Src/stm32f1xx_hal_msp.c.obj
 .debug_line    0x00001050      0x3fd CMakeFiles/Lighting_effect_control.elf.dir/Core/Src/stm32f1xx_it.c.obj
 .debug_line    0x0000144d      0x280 CMakeFiles/Lighting_effect_control.elf.dir/Core/Src/system_stm32f1xx.c.obj
 .debug_line    0x000016cd      0x61c CMakeFiles/Lighting_effect_control.elf.dir/Core/Src/tim.c.obj
 .debug_line    0x00001ce9      0x3bd CMakeFiles/Lighting_effect_control.elf.dir/Core/Src/usart.c.obj
 .debug_line    0x000020a6       0x79 CMakeFiles/Lighting_effect_control.elf.dir/Core/Startup/startup_stm32f103rctx.s.obj
 .debug_line    0x0000211f      0x5d0 CMakeFiles/Lighting_effect_control.elf.dir/Drivers/STM32F1xx_HAL_Driver/Src/stm32f1xx_hal.c.obj
 .debug_line    0x000026ef      0xf4c CMakeFiles/Lighting_effect_control.elf.dir/Drivers/STM32F1xx_HAL_Driver/Src/stm32f1xx_hal_adc.c.obj
 .debug_line    0x0000363b     0x11cc CMakeFiles/Lighting_effect_control.elf.dir/Drivers/STM32F1xx_HAL_Driver/Src/stm32f1xx_hal_can.c.obj
 .debug_line    0x00004807      0x73f CMakeFiles/Lighting_effect_control.elf.dir/Drivers/STM32F1xx_HAL_Driver/Src/stm32f1xx_hal_cortex.c.obj
 .debug_line    0x00004f46      0xd5e CMakeFiles/Lighting_effect_control.elf.dir/Drivers/STM32F1xx_HAL_Driver/Src/stm32f1xx_hal_dma.c.obj
 .debug_line    0x00005ca4      0x62d CMakeFiles/Lighting_effect_control.elf.dir/Drivers/STM32F1xx_HAL_Driver/Src/stm32f1xx_hal_gpio.c.obj
 .debug_line    0x000062d1      0xc88 CMakeFiles/Lighting_effect_control.elf.dir/Drivers/STM32F1xx_HAL_Driver/Src/stm32f1xx_hal_rcc.c.obj
 .debug_line    0x00006f59      0x52e CMakeFiles/Lighting_effect_control.elf.dir/Drivers/STM32F1xx_HAL_Driver/Src/stm32f1xx_hal_rcc_ex.c.obj
 .debug_line    0x00007487     0x4a73 CMakeFiles/Lighting_effect_control.elf.dir/Drivers/STM32F1xx_HAL_Driver/Src/stm32f1xx_hal_tim.c.obj
 .debug_line    0x0000befa     0x1d28 CMakeFiles/Lighting_effect_control.elf.dir/Drivers/STM32F1xx_HAL_Driver/Src/stm32f1xx_hal_tim_ex.c.obj
 .debug_line    0x0000dc22     0x444e CMakeFiles/Lighting_effect_control.elf.dir/Drivers/STM32F1xx_HAL_Driver/Src/stm32f1xx_hal_uart.c.obj

.debug_str      0x00000000     0x4a51
 .debug_str     0x00000000      0x590 CMakeFiles/Lighting_effect_control.elf.dir/Core/Src/adc.c.obj
                                0x612 (size before relaxing)
 .debug_str     0x00000590      0x753 CMakeFiles/Lighting_effect_control.elf.dir/Core/Src/can.c.obj
                                0x9ef (size before relaxing)
 .debug_str     0x00000ce3       0x4f CMakeFiles/Lighting_effect_control.elf.dir/Core/Src/dma.c.obj
                                0x624 (size before relaxing)
 .debug_str     0x00000d32       0x51 CMakeFiles/Lighting_effect_control.elf.dir/Core/Src/gpio.c.obj
                                0x23b (size before relaxing)
 .debug_str     0x00000d83      0x28d CMakeFiles/Lighting_effect_control.elf.dir/Core/Src/main.c.obj
                                0x4b0 (size before relaxing)
 .debug_str     0x00001010       0x5d CMakeFiles/Lighting_effect_control.elf.dir/Core/Src/stm32f1xx_hal_msp.c.obj
                                0x275 (size before relaxing)
 .debug_str     0x0000106d      0x3dc CMakeFiles/Lighting_effect_control.elf.dir/Core/Src/stm32f1xx_it.c.obj
                                0xa0e (size before relaxing)
 .debug_str     0x00001449       0xaf CMakeFiles/Lighting_effect_control.elf.dir/Core/Src/system_stm32f1xx.c.obj
                                0x2aa (size before relaxing)
 .debug_str     0x000014f8      0x591 CMakeFiles/Lighting_effect_control.elf.dir/Core/Src/tim.c.obj
                                0xab3 (size before relaxing)
 .debug_str     0x00001a89       0x82 CMakeFiles/Lighting_effect_control.elf.dir/Core/Src/usart.c.obj
                                0xb55 (size before relaxing)
 .debug_str     0x00001b0b       0x75 CMakeFiles/Lighting_effect_control.elf.dir/Core/Startup/startup_stm32f103rctx.s.obj
                                 0xbb (size before relaxing)
 .debug_str     0x00001b80      0x32d CMakeFiles/Lighting_effect_control.elf.dir/Drivers/STM32F1xx_HAL_Driver/Src/stm32f1xx_hal.c.obj
                                0x968 (size before relaxing)
 .debug_str     0x00001ead      0x366 CMakeFiles/Lighting_effect_control.elf.dir/Drivers/STM32F1xx_HAL_Driver/Src/stm32f1xx_hal_adc.c.obj
                                0x930 (size before relaxing)
 .debug_str     0x00002213      0x57d CMakeFiles/Lighting_effect_control.elf.dir/Drivers/STM32F1xx_HAL_Driver/Src/stm32f1xx_hal_can.c.obj
                                0xa94 (size before relaxing)
 .debug_str     0x00002790      0x39d CMakeFiles/Lighting_effect_control.elf.dir/Drivers/STM32F1xx_HAL_Driver/Src/stm32f1xx_hal_cortex.c.obj
                                0xa0d (size before relaxing)
 .debug_str     0x00002b2d      0x218 CMakeFiles/Lighting_effect_control.elf.dir/Drivers/STM32F1xx_HAL_Driver/Src/stm32f1xx_hal_dma.c.obj
                                0x653 (size before relaxing)
 .debug_str     0x00002d45      0x174 CMakeFiles/Lighting_effect_control.elf.dir/Drivers/STM32F1xx_HAL_Driver/Src/stm32f1xx_hal_gpio.c.obj
                                0x456 (size before relaxing)
 .debug_str     0x00002eb9      0x216 CMakeFiles/Lighting_effect_control.elf.dir/Drivers/STM32F1xx_HAL_Driver/Src/stm32f1xx_hal_rcc.c.obj
                                0x681 (size before relaxing)
 .debug_str     0x000030cf       0xb5 CMakeFiles/Lighting_effect_control.elf.dir/Drivers/STM32F1xx_HAL_Driver/Src/stm32f1xx_hal_rcc_ex.c.obj
                                0x467 (size before relaxing)
 .debug_str     0x00003184      0xe2d CMakeFiles/Lighting_effect_control.elf.dir/Drivers/STM32F1xx_HAL_Driver/Src/stm32f1xx_hal_tim.c.obj
                               0x16cb (size before relaxing)
 .debug_str     0x00003fb1      0x46d CMakeFiles/Lighting_effect_control.elf.dir/Drivers/STM32F1xx_HAL_Driver/Src/stm32f1xx_hal_tim_ex.c.obj
                                0xee7 (size before relaxing)
 .debug_str     0x0000441e      0x633 CMakeFiles/Lighting_effect_control.elf.dir/Drivers/STM32F1xx_HAL_Driver/Src/stm32f1xx_hal_uart.c.obj
                                0xd4a (size before relaxing)

.comment        0x00000000       0x45
 .comment       0x00000000       0x45 CMakeFiles/Lighting_effect_control.elf.dir/Core/Src/adc.c.obj
                                 0x46 (size before relaxing)
 .comment       0x00000045       0x46 CMakeFiles/Lighting_effect_control.elf.dir/Core/Src/can.c.obj
 .comment       0x00000045       0x46 CMakeFiles/Lighting_effect_control.elf.dir/Core/Src/dma.c.obj
 .comment       0x00000045       0x46 CMakeFiles/Lighting_effect_control.elf.dir/Core/Src/gpio.c.obj
 .comment       0x00000045       0x46 CMakeFiles/Lighting_effect_control.elf.dir/Core/Src/main.c.obj
 .comment       0x00000045       0x46 CMakeFiles/Lighting_effect_control.elf.dir/Core/Src/stm32f1xx_hal_msp.c.obj
 .comment       0x00000045       0x46 CMakeFiles/Lighting_effect_control.elf.dir/Core/Src/stm32f1xx_it.c.obj
 .comment       0x00000045       0x46 CMakeFiles/Lighting_effect_control.elf.dir/Core/Src/system_stm32f1xx.c.obj
 .comment       0x00000045       0x46 CMakeFiles/Lighting_effect_control.elf.dir/Core/Src/tim.c.obj
 .comment       0x00000045       0x46 CMakeFiles/Lighting_effect_control.elf.dir/Core/Src/usart.c.obj
 .comment       0x00000045       0x46 CMakeFiles/Lighting_effect_control.elf.dir/Drivers/STM32F1xx_HAL_Driver/Src/stm32f1xx_hal.c.obj
 .comment       0x00000045       0x46 CMakeFiles/Lighting_effect_control.elf.dir/Drivers/STM32F1xx_HAL_Driver/Src/stm32f1xx_hal_adc.c.obj
 .comment       0x00000045       0x46 CMakeFiles/Lighting_effect_control.elf.dir/Drivers/STM32F1xx_HAL_Driver/Src/stm32f1xx_hal_can.c.obj
 .comment       0x00000045       0x46 CMakeFiles/Lighting_effect_control.elf.dir/Drivers/STM32F1xx_HAL_Driver/Src/stm32f1xx_hal_cortex.c.obj
 .comment       0x00000045       0x46 CMakeFiles/Lighting_effect_control.elf.dir/Drivers/STM32F1xx_HAL_Driver/Src/stm32f1xx_hal_dma.c.obj
 .comment       0x00000045       0x46 CMakeFiles/Lighting_effect_control.elf.dir/Drivers/STM32F1xx_HAL_Driver/Src/stm32f1xx_hal_gpio.c.obj
 .comment       0x00000045       0x46 CMakeFiles/Lighting_effect_control.elf.dir/Drivers/STM32F1xx_HAL_Driver/Src/stm32f1xx_hal_rcc.c.obj
 .comment       0x00000045       0x46 CMakeFiles/Lighting_effect_control.elf.dir/Drivers/STM32F1xx_HAL_Driver/Src/stm32f1xx_hal_rcc_ex.c.obj
 .comment       0x00000045       0x46 CMakeFiles/Lighting_effect_control.elf.dir/Drivers/STM32F1xx_HAL_Driver/Src/stm32f1xx_hal_tim.c.obj
 .comment       0x00000045       0x46 CMakeFiles/Lighting_effect_control.elf.dir/Drivers/STM32F1xx_HAL_Driver/Src/stm32f1xx_hal_tim_ex.c.obj
 .comment       0x00000045       0x46 CMakeFiles/Lighting_effect_control.elf.dir/Drivers/STM32F1xx_HAL_Driver/Src/stm32f1xx_hal_uart.c.obj

.debug_frame    0x00000000     0x27c0
 .debug_frame   0x00000000       0x58 CMakeFiles/Lighting_effect_control.elf.dir/Core/Src/adc.c.obj
 .debug_frame   0x00000058       0x60 CMakeFiles/Lighting_effect_control.elf.dir/Core/Src/can.c.obj
 .debug_frame   0x000000b8       0x2c CMakeFiles/Lighting_effect_control.elf.dir/Core/Src/dma.c.obj
 .debug_frame   0x000000e4       0x28 CMakeFiles/Lighting_effect_control.elf.dir/Core/Src/gpio.c.obj
 .debug_frame   0x0000010c       0x58 CMakeFiles/Lighting_effect_control.elf.dir/Core/Src/main.c.obj
 .debug_frame   0x00000164       0x28 CMakeFiles/Lighting_effect_control.elf.dir/Core/Src/stm32f1xx_hal_msp.c.obj
 .debug_frame   0x0000018c      0x138 CMakeFiles/Lighting_effect_control.elf.dir/Core/Src/stm32f1xx_it.c.obj
 .debug_frame   0x000002c4       0x30 CMakeFiles/Lighting_effect_control.elf.dir/Core/Src/system_stm32f1xx.c.obj
 .debug_frame   0x000002f4       0x90 CMakeFiles/Lighting_effect_control.elf.dir/Core/Src/tim.c.obj
 .debug_frame   0x00000384       0x64 CMakeFiles/Lighting_effect_control.elf.dir/Core/Src/usart.c.obj
 .debug_frame   0x000003e8      0x1cc CMakeFiles/Lighting_effect_control.elf.dir/Drivers/STM32F1xx_HAL_Driver/Src/stm32f1xx_hal.c.obj
 .debug_frame   0x000005b4      0x2c8 CMakeFiles/Lighting_effect_control.elf.dir/Drivers/STM32F1xx_HAL_Driver/Src/stm32f1xx_hal_adc.c.obj
 .debug_frame   0x0000087c      0x2d4 CMakeFiles/Lighting_effect_control.elf.dir/Drivers/STM32F1xx_HAL_Driver/Src/stm32f1xx_hal_can.c.obj
 .debug_frame   0x00000b50      0x19c CMakeFiles/Lighting_effect_control.elf.dir/Drivers/STM32F1xx_HAL_Driver/Src/stm32f1xx_hal_cortex.c.obj
 .debug_frame   0x00000cec      0x140 CMakeFiles/Lighting_effect_control.elf.dir/Drivers/STM32F1xx_HAL_Driver/Src/stm32f1xx_hal_dma.c.obj
 .debug_frame   0x00000e2c       0xe4 CMakeFiles/Lighting_effect_control.elf.dir/Drivers/STM32F1xx_HAL_Driver/Src/stm32f1xx_hal_gpio.c.obj
 .debug_frame   0x00000f10      0x184 CMakeFiles/Lighting_effect_control.elf.dir/Drivers/STM32F1xx_HAL_Driver/Src/stm32f1xx_hal_rcc.c.obj
 .debug_frame   0x00001094       0x5c CMakeFiles/Lighting_effect_control.elf.dir/Drivers/STM32F1xx_HAL_Driver/Src/stm32f1xx_hal_rcc_ex.c.obj
 .debug_frame   0x000010f0      0xb04 CMakeFiles/Lighting_effect_control.elf.dir/Drivers/STM32F1xx_HAL_Driver/Src/stm32f1xx_hal_tim.c.obj
 .debug_frame   0x00001bf4      0x40c CMakeFiles/Lighting_effect_control.elf.dir/Drivers/STM32F1xx_HAL_Driver/Src/stm32f1xx_hal_tim_ex.c.obj
 .debug_frame   0x00002000      0x5d4 CMakeFiles/Lighting_effect_control.elf.dir/Drivers/STM32F1xx_HAL_Driver/Src/stm32f1xx_hal_uart.c.obj
 .debug_frame   0x000025d4       0x5c /home/wangguan/Software/arm-none-eabi-gcc/bin/../lib/gcc/arm-none-eabi/12.3.1/../../../../arm-none-eabi/lib/thumb/v7-m/nofp/libg.a(libc_a-__call_atexit.o)
 .debug_frame   0x00002630       0x2c /home/wangguan/Software/arm-none-eabi-gcc/bin/../lib/gcc/arm-none-eabi/12.3.1/../../../../arm-none-eabi/lib/thumb/v7-m/nofp/libg.a(libc_a-memset.o)
 .debug_frame   0x0000265c       0x2c /home/wangguan/Software/arm-none-eabi-gcc/bin/../lib/gcc/arm-none-eabi/12.3.1/../../../../arm-none-eabi/lib/thumb/v7-m/nofp/libg.a(libc_a-init.o)
 .debug_frame   0x00002688       0x34 /home/wangguan/Software/arm-none-eabi-gcc/bin/../lib/gcc/arm-none-eabi/12.3.1/../../../../arm-none-eabi/lib/thumb/v7-m/nofp/libg.a(libc_a-fini.o)
 .debug_frame   0x000026bc       0xb0 /home/wangguan/Software/arm-none-eabi-gcc/bin/../lib/gcc/arm-none-eabi/12.3.1/../../../../arm-none-eabi/lib/thumb/v7-m/nofp/libg.a(libc_a-lock.o)
 .debug_frame   0x0000276c       0x20 /home/wangguan/Software/arm-none-eabi-gcc/bin/../lib/gcc/arm-none-eabi/12.3.1/../../../../arm-none-eabi/lib/thumb/v7-m/nofp/libg.a(libc_a-atexit.o)
 .debug_frame   0x0000278c       0x34 /home/wangguan/Software/arm-none-eabi-gcc/bin/../lib/gcc/arm-none-eabi/12.3.1/../../../../arm-none-eabi/lib/thumb/v7-m/nofp/libg.a(libc_a-__atexit.o)

.debug_loclists
                0x00000000     0x94f3
 .debug_loclists
                0x00000000       0x7e CMakeFiles/Lighting_effect_control.elf.dir/Core/Src/can.c.obj
 .debug_loclists
                0x0000007e       0x17 CMakeFiles/Lighting_effect_control.elf.dir/Core/Src/stm32f1xx_hal_msp.c.obj
 .debug_loclists
                0x00000095       0xa5 CMakeFiles/Lighting_effect_control.elf.dir/Core/Src/system_stm32f1xx.c.obj
 .debug_loclists
                0x0000013a       0x67 CMakeFiles/Lighting_effect_control.elf.dir/Core/Src/tim.c.obj
 .debug_loclists
                0x000001a1       0x7e CMakeFiles/Lighting_effect_control.elf.dir/Core/Src/usart.c.obj
 .debug_loclists
                0x0000021f       0xc9 CMakeFiles/Lighting_effect_control.elf.dir/Drivers/STM32F1xx_HAL_Driver/Src/stm32f1xx_hal.c.obj
 .debug_loclists
                0x000002e8      0x721 CMakeFiles/Lighting_effect_control.elf.dir/Drivers/STM32F1xx_HAL_Driver/Src/stm32f1xx_hal_adc.c.obj
 .debug_loclists
                0x00000a09      0x824 CMakeFiles/Lighting_effect_control.elf.dir/Drivers/STM32F1xx_HAL_Driver/Src/stm32f1xx_hal_can.c.obj
 .debug_loclists
                0x0000122d      0x422 CMakeFiles/Lighting_effect_control.elf.dir/Drivers/STM32F1xx_HAL_Driver/Src/stm32f1xx_hal_cortex.c.obj
 .debug_loclists
                0x0000164f      0x4d4 CMakeFiles/Lighting_effect_control.elf.dir/Drivers/STM32F1xx_HAL_Driver/Src/stm32f1xx_hal_dma.c.obj
 .debug_loclists
                0x00001b23      0x2ee CMakeFiles/Lighting_effect_control.elf.dir/Drivers/STM32F1xx_HAL_Driver/Src/stm32f1xx_hal_gpio.c.obj
 .debug_loclists
                0x00001e11      0x3fb CMakeFiles/Lighting_effect_control.elf.dir/Drivers/STM32F1xx_HAL_Driver/Src/stm32f1xx_hal_rcc.c.obj
 .debug_loclists
                0x0000220c      0x277 CMakeFiles/Lighting_effect_control.elf.dir/Drivers/STM32F1xx_HAL_Driver/Src/stm32f1xx_hal_rcc_ex.c.obj
 .debug_loclists
                0x00002483     0x32fa CMakeFiles/Lighting_effect_control.elf.dir/Drivers/STM32F1xx_HAL_Driver/Src/stm32f1xx_hal_tim.c.obj
 .debug_loclists
                0x0000577d     0x127d CMakeFiles/Lighting_effect_control.elf.dir/Drivers/STM32F1xx_HAL_Driver/Src/stm32f1xx_hal_tim_ex.c.obj
 .debug_loclists
                0x000069fa     0x2af9 CMakeFiles/Lighting_effect_control.elf.dir/Drivers/STM32F1xx_HAL_Driver/Src/stm32f1xx_hal_uart.c.obj

.debug_line_str
                0x00000000       0x9f
 .debug_line_str
                0x00000000       0x9f CMakeFiles/Lighting_effect_control.elf.dir/Core/Startup/startup_stm32f103rctx.s.obj
